Archive member included because of file (symbol)

/usr/lib/gcc/arm-none-eabi/4.8.2/../../../arm-none-eabi/lib/armv7e-m/fpu/libc.a(lib_a-atexit.o)
                              /usr/lib/gcc/arm-none-eabi/4.8.2/../../../arm-none-eabi/lib/armv7e-m/fpu/rdimon-crt0.o (atexit)
/usr/lib/gcc/arm-none-eabi/4.8.2/../../../arm-none-eabi/lib/armv7e-m/fpu/libc.a(lib_a-exit.o)
                              /usr/lib/gcc/arm-none-eabi/4.8.2/../../../arm-none-eabi/lib/armv7e-m/fpu/rdimon-crt0.o (exit)
/usr/lib/gcc/arm-none-eabi/4.8.2/../../../arm-none-eabi/lib/armv7e-m/fpu/libc.a(lib_a-fini.o)
                              /usr/lib/gcc/arm-none-eabi/4.8.2/../../../arm-none-eabi/lib/armv7e-m/fpu/rdimon-crt0.o (__libc_fini_array)
/usr/lib/gcc/arm-none-eabi/4.8.2/../../../arm-none-eabi/lib/armv7e-m/fpu/libc.a(lib_a-impure.o)
                              /usr/lib/gcc/arm-none-eabi/4.8.2/../../../arm-none-eabi/lib/armv7e-m/fpu/libc.a(lib_a-exit.o) (_global_impure_ptr)
/usr/lib/gcc/arm-none-eabi/4.8.2/../../../arm-none-eabi/lib/armv7e-m/fpu/libc.a(lib_a-init.o)
                              /usr/lib/gcc/arm-none-eabi/4.8.2/../../../arm-none-eabi/lib/armv7e-m/fpu/rdimon-crt0.o (__libc_init_array)
/usr/lib/gcc/arm-none-eabi/4.8.2/../../../arm-none-eabi/lib/armv7e-m/fpu/libc.a(lib_a-memset.o)
                              /usr/lib/gcc/arm-none-eabi/4.8.2/../../../arm-none-eabi/lib/armv7e-m/fpu/rdimon-crt0.o (memset)
/usr/lib/gcc/arm-none-eabi/4.8.2/../../../arm-none-eabi/lib/armv7e-m/fpu/libc.a(lib_a-__atexit.o)
                              /usr/lib/gcc/arm-none-eabi/4.8.2/../../../arm-none-eabi/lib/armv7e-m/fpu/libc.a(lib_a-atexit.o) (__register_exitproc)
/usr/lib/gcc/arm-none-eabi/4.8.2/../../../arm-none-eabi/lib/armv7e-m/fpu/libc.a(lib_a-__call_atexit.o)
                              /usr/lib/gcc/arm-none-eabi/4.8.2/../../../arm-none-eabi/lib/armv7e-m/fpu/libc.a(lib_a-exit.o) (__call_exitprocs)
/usr/lib/gcc/arm-none-eabi/4.8.2/../../../arm-none-eabi/lib/armv7e-m/fpu/librdimon.a(rdimon-syscalls.o)
                              /usr/lib/gcc/arm-none-eabi/4.8.2/../../../arm-none-eabi/lib/armv7e-m/fpu/rdimon-crt0.o (initialise_monitor_handles)
/usr/lib/gcc/arm-none-eabi/4.8.2/../../../arm-none-eabi/lib/armv7e-m/fpu/librdimon.a(rdimon-_exit.o)
                              /usr/lib/gcc/arm-none-eabi/4.8.2/../../../arm-none-eabi/lib/armv7e-m/fpu/libc.a(lib_a-exit.o) (_exit)
/usr/lib/gcc/arm-none-eabi/4.8.2/../../../arm-none-eabi/lib/armv7e-m/fpu/librdimon.a(rdimon-_kill.o)
                              /usr/lib/gcc/arm-none-eabi/4.8.2/../../../arm-none-eabi/lib/armv7e-m/fpu/librdimon.a(rdimon-_exit.o) (_kill)
/usr/lib/gcc/arm-none-eabi/4.8.2/../../../arm-none-eabi/lib/armv7e-m/fpu/libg.a(lib_a-errno.o)
                              /usr/lib/gcc/arm-none-eabi/4.8.2/../../../arm-none-eabi/lib/armv7e-m/fpu/librdimon.a(rdimon-syscalls.o) (__errno)
/usr/lib/gcc/arm-none-eabi/4.8.2/../../../arm-none-eabi/lib/armv7e-m/fpu/libg.a(lib_a-findfp.o)
                              /usr/lib/gcc/arm-none-eabi/4.8.2/../../../arm-none-eabi/lib/armv7e-m/fpu/librdimon.a(rdimon-syscalls.o) (__sinit)
/usr/lib/gcc/arm-none-eabi/4.8.2/../../../arm-none-eabi/lib/armv7e-m/fpu/libg.a(lib_a-fwalk.o)
                              /usr/lib/gcc/arm-none-eabi/4.8.2/../../../arm-none-eabi/lib/armv7e-m/fpu/libg.a(lib_a-findfp.o) (_fwalk)
/usr/lib/gcc/arm-none-eabi/4.8.2/../../../arm-none-eabi/lib/armv7e-m/fpu/libg.a(lib_a-mallocr.o)
                              /usr/lib/gcc/arm-none-eabi/4.8.2/../../../arm-none-eabi/lib/armv7e-m/fpu/libg.a(lib_a-findfp.o) (_malloc_r)
/usr/lib/gcc/arm-none-eabi/4.8.2/../../../arm-none-eabi/lib/armv7e-m/fpu/libg.a(lib_a-mlock.o)
                              /usr/lib/gcc/arm-none-eabi/4.8.2/../../../arm-none-eabi/lib/armv7e-m/fpu/libg.a(lib_a-mallocr.o) (__malloc_lock)
/usr/lib/gcc/arm-none-eabi/4.8.2/../../../arm-none-eabi/lib/armv7e-m/fpu/libg.a(lib_a-sbrkr.o)
                              /usr/lib/gcc/arm-none-eabi/4.8.2/../../../arm-none-eabi/lib/armv7e-m/fpu/libg.a(lib_a-mallocr.o) (_sbrk_r)
/usr/lib/gcc/arm-none-eabi/4.8.2/../../../arm-none-eabi/lib/armv7e-m/fpu/libg.a(lib_a-stdio.o)
                              /usr/lib/gcc/arm-none-eabi/4.8.2/../../../arm-none-eabi/lib/armv7e-m/fpu/libg.a(lib_a-findfp.o) (__sread)
/usr/lib/gcc/arm-none-eabi/4.8.2/../../../arm-none-eabi/lib/armv7e-m/fpu/libg.a(lib_a-strlen.o)
                              /usr/lib/gcc/arm-none-eabi/4.8.2/../../../arm-none-eabi/lib/armv7e-m/fpu/librdimon.a(rdimon-syscalls.o) (strlen)
/usr/lib/gcc/arm-none-eabi/4.8.2/../../../arm-none-eabi/lib/armv7e-m/fpu/libg.a(lib_a-writer.o)
                              /usr/lib/gcc/arm-none-eabi/4.8.2/../../../arm-none-eabi/lib/armv7e-m/fpu/libg.a(lib_a-stdio.o) (_write_r)
/usr/lib/gcc/arm-none-eabi/4.8.2/../../../arm-none-eabi/lib/armv7e-m/fpu/libg.a(lib_a-closer.o)
                              /usr/lib/gcc/arm-none-eabi/4.8.2/../../../arm-none-eabi/lib/armv7e-m/fpu/libg.a(lib_a-stdio.o) (_close_r)
[...]
Memory Configuration

Name             Origin             Length             Attributes
FLASH            0x0000000008000000 0x0000000000040000 xr
RAM              0x0000000020000000 0x000000000000a000 xrw
CCMRAM           0x0000000010000000 0x0000000000002000 rw
*default*        0x0000000000000000 0xffffffffffffffff

Linker script and memory map

LOAD /usr/lib/gcc/arm-none-eabi/4.8.2/armv7e-m/fpu/crti.o
LOAD /usr/lib/gcc/arm-none-eabi/4.8.2/armv7e-m/fpu/crtbegin.o
LOAD /usr/lib/gcc/arm-none-eabi/4.8.2/../../../arm-none-eabi/lib/armv7e-m/fpu/rdimon-crt0.o
LOAD /usr/lib/gcc/arm-none-eabi/4.8.2/../../../arm-none-eabi/lib/armv7e-m/fpu/libc.a
LOAD /usr/lib/gcc/arm-none-eabi/4.8.2/../../../arm-none-eabi/lib/armv7e-m/fpu/librdimon.a
LOAD /tmp/ccbxEu9O.o
LOAD obj/main.o
LOAD obj/system_stm32f3xx.o
LOAD obj/stm32f3xx_it.o
LOAD obj/stm32f3xx_hal_rcc.o
LOAD obj/stm32f3xx_hal_rcc_ex.o
LOAD obj/stm32f3xx_hal.o
LOAD obj/stm32f3xx_hal_cortex.o
LOAD obj/stm32f3xx_hal_gpio.o
LOAD obj/stm32f3_discovery.o
LOAD obj/stm32f3xx_hal_i2c.o
LOAD obj/stm32f3xx_hal_i2c_ex.o
START GROUP
LOAD /usr/lib/gcc/arm-none-eabi/4.8.2/armv7e-m/fpu/libgcc.a
START GROUP
LOAD /usr/lib/gcc/arm-none-eabi/4.8.2/../../../arm-none-eabi/lib/armv7e-m/fpu/libg.a
LOAD /usr/lib/gcc/arm-none-eabi/4.8.2/../../../arm-none-eabi/lib/armv7e-m/fpu/libc.a
LOAD /usr/lib/gcc/arm-none-eabi/4.8.2/../../../arm-none-eabi/lib/armv7e-m/fpu/librdimon.a
END GROUP
END GROUP
LOAD /usr/lib/gcc/arm-none-eabi/4.8.2/armv7e-m/fpu/crtend.o
LOAD /usr/lib/gcc/arm-none-eabi/4.8.2/armv7e-m/fpu/crtn.o
                0x0000000020009fff                _estack = 0x20009fff
                0x0000000000000200                _Min_Heap_Size = 0x200
                0x0000000000000400                _Min_Stack_Size = 0x400

.isr_vector     0x0000000008000000      0x188
                0x0000000008000000                . = ALIGN (0x4)
 *(.isr_vector)
 .isr_vector    0x0000000008000000      0x188 /tmp/ccbxEu9O.o
                0x0000000008000000                g_pfnVectors
                0x0000000008000188                . = ALIGN (0x4)

.text           0x0000000008000188      0xef4
                0x0000000008000188                . = ALIGN (0x4)
 *(.text)
 .text          0x0000000008000188       0xc8 /usr/lib/gcc/arm-none-eabi/4.8.2/armv7e-m/fpu/crtbegin.o
 *(.text*)
 .text.atexit   0x0000000008000250        0xc /usr/lib/gcc/arm-none-eabi/4.8.2/../../../arm-none-eabi/lib/armv7e-m/fpu/libc.a(lib_a-atexit.o)
                0x0000000008000250                atexit
 .text.__libc_fini_array
                0x000000000800025c       0x34 /usr/lib/gcc/arm-none-eabi/4.8.2/../../../arm-none-eabi/lib/armv7e-m/fpu/libc.a(lib_a-fini.o)
                0x000000000800025c                __libc_fini_array
 .text.__libc_init_array
                0x0000000008000290       0x5c /usr/lib/gcc/arm-none-eabi/4.8.2/../../../arm-none-eabi/lib/armv7e-m/fpu/libc.a(lib_a-init.o)
                0x0000000008000290                __libc_init_array
 .text.__register_exitproc
                0x00000000080002ec       0xac /usr/lib/gcc/arm-none-eabi/4.8.2/../../../arm-none-eabi/lib/armv7e-m/fpu/libc.a(lib_a-__atexit.o)
                0x00000000080002ec                __register_exitproc
 .text.startup.register_fini
                0x0000000008000398       0x18 /usr/lib/gcc/arm-none-eabi/4.8.2/../../../arm-none-eabi/lib/armv7e-m/fpu/libc.a(lib_a-__call_atexit.o)
 .text.Reset_Handler
                0x00000000080003b0       0x50 /tmp/ccbxEu9O.o
                0x00000000080003b0                Reset_Handler
 .text.Default_Handler
                0x0000000008000400        0x2 /tmp/ccbxEu9O.o
                0x0000000008000400                RTC_Alarm_IRQHandler
                0x0000000008000400                TIM8_TRG_COM_IRQHandler
                0x0000000008000400                TIM8_CC_IRQHandler
                0x0000000008000400                TIM1_CC_IRQHandler
                0x0000000008000400                USB_HP_IRQHandler
                0x0000000008000400                PVD_IRQHandler
                0x0000000008000400                TAMP_STAMP_IRQHandler
                0x0000000008000400                EXTI3_IRQHandler
                0x0000000008000400                USB_HP_CAN_TX_IRQHandler
                0x0000000008000400                EXTI0_IRQHandler
                0x0000000008000400                I2C2_EV_IRQHandler
                0x0000000008000400                FPU_IRQHandler
                0x0000000008000400                TIM1_UP_TIM16_IRQHandler
                0x0000000008000400                ADC1_2_IRQHandler
                0x0000000008000400                SPI1_IRQHandler
                0x0000000008000400                CAN_SCE_IRQHandler
                0x0000000008000400                TIM6_DAC_IRQHandler
                0x0000000008000400                TIM8_UP_IRQHandler
                0x0000000008000400                DMA2_Channel2_IRQHandler
                0x0000000008000400                DMA1_Channel4_IRQHandler
                0x0000000008000400                USART3_IRQHandler
                0x0000000008000400                DMA1_Channel7_IRQHandler
                0x0000000008000400                UART5_IRQHandler
                0x0000000008000400                ADC3_IRQHandler
                0x0000000008000400                TIM4_IRQHandler
                0x0000000008000400                CAN_RX1_IRQHandler
                0x0000000008000400                DMA2_Channel1_IRQHandler
                0x0000000008000400                I2C1_EV_IRQHandler
                0x0000000008000400                DMA1_Channel6_IRQHandler
                0x0000000008000400                UART4_IRQHandler
                0x0000000008000400                DMA2_Channel4_IRQHandler
                0x0000000008000400                TIM3_IRQHandler
                0x0000000008000400                RCC_IRQHandler
                0x0000000008000400                DMA1_Channel1_IRQHandler
                0x0000000008000400                Default_Handler
                0x0000000008000400                USBWakeUp_RMP_IRQHandler
                0x0000000008000400                EXTI15_10_IRQHandler
                0x0000000008000400                TIM7_IRQHandler
                0x0000000008000400                EXTI9_5_IRQHandler
                0x0000000008000400                RTC_WKUP_IRQHandler
                0x0000000008000400                SPI2_IRQHandler
                0x0000000008000400                USB_LP_CAN_RX0_IRQHandler
                0x0000000008000400                DMA2_Channel5_IRQHandler
                0x0000000008000400                DMA1_Channel5_IRQHandler
                0x0000000008000400                USB_LP_IRQHandler
                0x0000000008000400                EXTI4_IRQHandler
                0x0000000008000400                TIM1_TRG_COM_TIM17_IRQHandler
                0x0000000008000400                DMA1_Channel3_IRQHandler
                0x0000000008000400                ADC4_IRQHandler
                0x0000000008000400                WWDG_IRQHandler
                0x0000000008000400                TIM2_IRQHandler
                0x0000000008000400                COMP7_IRQHandler
                0x0000000008000400                COMP1_2_3_IRQHandler
                0x0000000008000400                EXTI1_IRQHandler
                0x0000000008000400                USART2_IRQHandler
                0x0000000008000400                COMP4_5_6_IRQHandler
                0x0000000008000400                I2C2_ER_IRQHandler
                0x0000000008000400                DMA1_Channel2_IRQHandler
                0x0000000008000400                TIM8_BRK_IRQHandler
                0x0000000008000400                FLASH_IRQHandler
                0x0000000008000400                USART1_IRQHandler
                0x0000000008000400                SPI3_IRQHandler
                0x0000000008000400                I2C1_ER_IRQHandler
                0x0000000008000400                USBWakeUp_IRQHandler
                0x0000000008000400                DMA2_Channel3_IRQHandler
                0x0000000008000400                EXTI2_TSC_IRQHandler
                0x0000000008000400                TIM1_BRK_TIM15_IRQHandler
 *fill*         0x0000000008000402        0x2 
 .text.startup.main
                0x0000000008000404       0x90 obj/main.o
                0x0000000008000404                main
 .text.SystemInit
                0x0000000008000494       0x68 obj/system_stm32f3xx.o
                0x0000000008000494                SystemInit
 .text.NMI_Handler
                0x00000000080004fc        0x2 obj/stm32f3xx_it.o
                0x00000000080004fc                NMI_Handler
 .text.HardFault_Handler
                0x00000000080004fe        0x2 obj/stm32f3xx_it.o
                0x00000000080004fe                HardFault_Handler
 .text.MemManage_Handler
                0x0000000008000500        0x2 obj/stm32f3xx_it.o
                0x0000000008000500                MemManage_Handler
 .text.BusFault_Handler
                0x0000000008000502        0x2 obj/stm32f3xx_it.o
                0x0000000008000502                BusFault_Handler
 .text.UsageFault_Handler
                0x0000000008000504        0x2 obj/stm32f3xx_it.o
                0x0000000008000504                UsageFault_Handler
 .text.SVC_Handler
                0x0000000008000506        0x2 obj/stm32f3xx_it.o
                0x0000000008000506                SVC_Handler
 .text.DebugMon_Handler
                0x0000000008000508        0x2 obj/stm32f3xx_it.o
                0x0000000008000508                DebugMon_Handler
 .text.PendSV_Handler
                0x000000000800050a        0x2 obj/stm32f3xx_it.o
                0x000000000800050a                PendSV_Handler
 .text.SysTick_Handler
                0x000000000800050c        0x4 obj/stm32f3xx_it.o
                0x000000000800050c                SysTick_Handler
 .text.HAL_RCC_OscConfig
                0x0000000008000510      0x5a0 obj/stm32f3xx_hal_rcc.o
                0x0000000008000510                HAL_RCC_OscConfig
 .text.HAL_RCC_ClockConfig
                0x0000000008000ab0      0x238 obj/stm32f3xx_hal_rcc.o
                0x0000000008000ab0                HAL_RCC_ClockConfig
 .text.HAL_RCC_GetSysClockFreq
                0x0000000008000ce8       0x64 obj/stm32f3xx_hal_rcc.o
                0x0000000008000ce8                HAL_RCC_GetSysClockFreq
 .text.HAL_RCC_GetHCLKFreq
                0x0000000008000d4c       0x34 obj/stm32f3xx_hal_rcc.o
                0x0000000008000d4c                HAL_RCC_GetHCLKFreq
 .text.HAL_MspInit
                0x0000000008000d80        0x2 obj/stm32f3xx_hal.o
                0x0000000008000d80                HAL_MspInit
 .text.HAL_InitTick
                0x0000000008000d82       0x24 obj/stm32f3xx_hal.o
                0x0000000008000d82                HAL_InitTick
 *fill*         0x0000000008000da6        0x2 
 .text.HAL_Init
                0x0000000008000da8       0x24 obj/stm32f3xx_hal.o
                0x0000000008000da8                HAL_Init
 .text.HAL_IncTick
                0x0000000008000dcc       0x10 obj/stm32f3xx_hal.o
                0x0000000008000dcc                HAL_IncTick
 .text.HAL_GetTick
                0x0000000008000ddc        0xc obj/stm32f3xx_hal.o
                0x0000000008000ddc                HAL_GetTick
 .text.HAL_Delay
                0x0000000008000de8       0x1a obj/stm32f3xx_hal.o
                0x0000000008000de8                HAL_Delay
 *fill*         0x0000000008000e02        0x2 
 .text.HAL_NVIC_SetPriorityGrouping
                0x0000000008000e04       0x24 obj/stm32f3xx_hal_cortex.o
                0x0000000008000e04                HAL_NVIC_SetPriorityGrouping
 .text.HAL_NVIC_SetPriority
                0x0000000008000e28       0x64 obj/stm32f3xx_hal_cortex.o
                0x0000000008000e28                HAL_NVIC_SetPriority
 .text.HAL_SYSTICK_Config
                0x0000000008000e8c       0x2c obj/stm32f3xx_hal_cortex.o
                0x0000000008000e8c                HAL_SYSTICK_Config
 .text.HAL_GPIO_Init
                0x0000000008000eb8      0x1a4 obj/stm32f3xx_hal_gpio.o
                0x0000000008000eb8                HAL_GPIO_Init
 .text.HAL_GPIO_TogglePin
                0x000000000800105c        0x8 obj/stm32f3xx_hal_gpio.o
                0x000000000800105c                HAL_GPIO_TogglePin
 *(.glue_7)
 .glue_7        0x0000000000000000        0x0 linker stubs
 *(.glue_7t)
 .glue_7t       0x0000000000000000        0x0 linker stubs
 *(.eh_frame)
 .eh_frame      0x0000000008001064        0x0 /usr/lib/gcc/arm-none-eabi/4.8.2/armv7e-m/fpu/crtbegin.o
 *(.init)
 .init          0x0000000008001064        0x4 /usr/lib/gcc/arm-none-eabi/4.8.2/armv7e-m/fpu/crti.o
                0x0000000008001064                _init
 .init          0x0000000008001068        0x8 /usr/lib/gcc/arm-none-eabi/4.8.2/armv7e-m/fpu/crtn.o
 *(.fini)
 .fini          0x0000000008001070        0x4 /usr/lib/gcc/arm-none-eabi/4.8.2/armv7e-m/fpu/crti.o
                0x0000000008001070                _fini
 .fini          0x0000000008001074        0x8 /usr/lib/gcc/arm-none-eabi/4.8.2/armv7e-m/fpu/crtn.o
                0x000000000800107c                . = ALIGN (0x4)
                0x000000000800107c                _etext = .

.vfp11_veneer   0x000000000800107c        0x0
 .vfp11_veneer  0x0000000000000000        0x0 linker stubs

.v4_bx          0x000000000800107c        0x0
 .v4_bx         0x0000000000000000        0x0 linker stubs

.iplt           0x000000000800107c        0x0
 .iplt          0x0000000000000000        0x0 /usr/lib/gcc/arm-none-eabi/4.8.2/armv7e-m/fpu/crtbegin.o

.rodata         0x000000000800107c       0x38
                0x000000000800107c                . = ALIGN (0x4)
 *(.rodata)
 *(.rodata*)
 .rodata.str1.4
                0x000000000800107c        0x4 /usr/lib/gcc/arm-none-eabi/4.8.2/../../../arm-none-eabi/lib/armv7e-m/fpu/libc.a(lib_a-impure.o)
 .rodata._global_impure_ptr
                0x0000000008001080        0x4 /usr/lib/gcc/arm-none-eabi/4.8.2/../../../arm-none-eabi/lib/armv7e-m/fpu/libc.a(lib_a-impure.o)
                0x0000000008001080                _global_impure_ptr
 .rodata.aPredivFactorTable
                0x0000000008001084       0x10 obj/stm32f3xx_hal_rcc.o
                0x0000000008001084                aPredivFactorTable
 .rodata.aPLLMULFactorTable
                0x0000000008001094       0x10 obj/stm32f3xx_hal_rcc.o
                0x0000000008001094                aPLLMULFactorTable
 .rodata.aAPBAHBPrescTable
                0x00000000080010a4       0x10 obj/stm32f3xx_hal_rcc.o
                0x00000000080010a4                aAPBAHBPrescTable
                0x00000000080010b4                . = ALIGN (0x4)

.rel.dyn        0x00000000080010b4        0x0
 .rel.iplt      0x0000000000000000        0x0 /usr/lib/gcc/arm-none-eabi/4.8.2/armv7e-m/fpu/crtbegin.o

.ARM.extab
 *(.ARM.extab* .gnu.linkonce.armextab.*)

.ARM            0x00000000080010b4        0x0
                0x00000000080010b4                __exidx_start = .
 *(.ARM.exidx*)
                0x00000000080010b4                __exidx_end = .

.preinit_array  0x00000000080010b4        0x0
                0x00000000080010b4                PROVIDE (__preinit_array_start, .)
 *(.preinit_array*)
                0x00000000080010b4                PROVIDE (__preinit_array_end, .)

.init_array     0x00000000080010b4        0x8
                0x00000000080010b4                PROVIDE (__init_array_start, .)
 *(SORT(.init_array.*))
 .init_array.00000
                0x00000000080010b4        0x4 /usr/lib/gcc/arm-none-eabi/4.8.2/../../../arm-none-eabi/lib/armv7e-m/fpu/libc.a(lib_a-__call_atexit.o)
 *(.init_array*)
 .init_array    0x00000000080010b8        0x4 /usr/lib/gcc/arm-none-eabi/4.8.2/armv7e-m/fpu/crtbegin.o
                0x00000000080010bc                PROVIDE (__init_array_end, .)

.fini_array     0x00000000080010bc        0x4
                0x00000000080010bc                PROVIDE (__fini_array_start, .)
 *(SORT(.fini_array.*))
 *(.fini_array*)
 .fini_array    0x00000000080010bc        0x4 /usr/lib/gcc/arm-none-eabi/4.8.2/armv7e-m/fpu/crtbegin.o
                0x00000000080010c0                PROVIDE (__fini_array_end, .)
                0x00000000080010c0                _sidata = LOADADDR (.data)

.data           0x0000000020000000      0x42c load address 0x00000000080010c0
                0x0000000020000000                . = ALIGN (0x4)
                0x0000000020000000                _sdata = .
 *(.data)
 *(.data*)
 .data.impure_data
                0x0000000020000000      0x428 /usr/lib/gcc/arm-none-eabi/4.8.2/../../../arm-none-eabi/lib/armv7e-m/fpu/libc.a(lib_a-impure.o)
 .data.SystemCoreClock
                0x0000000020000428        0x4 obj/system_stm32f3xx.o
                0x0000000020000428                SystemCoreClock
                0x000000002000042c                . = ALIGN (0x4)
                0x000000002000042c                _edata = .
                0x00000000080014ec                _siccmram = LOADADDR (.ccmram)

.jcr            0x000000002000042c        0x0 load address 0x00000000080014ec
 .jcr           0x000000002000042c        0x0 /usr/lib/gcc/arm-none-eabi/4.8.2/armv7e-m/fpu/crtbegin.o

.tm_clone_table
                0x000000002000042c        0x0 load address 0x00000000080014ec
 .tm_clone_table
                0x000000002000042c        0x0 /usr/lib/gcc/arm-none-eabi/4.8.2/armv7e-m/fpu/crtbegin.o
 .tm_clone_table
                0x000000002000042c        0x0 /usr/lib/gcc/arm-none-eabi/4.8.2/armv7e-m/fpu/crtend.o

.igot.plt       0x000000002000042c        0x0 load address 0x00000000080014ec
 .igot.plt      0x0000000000000000        0x0 /usr/lib/gcc/arm-none-eabi/4.8.2/armv7e-m/fpu/crtbegin.o

.ccmram         0x0000000010000000        0x0 load address 0x00000000080014ec
                0x0000000010000000                . = ALIGN (0x4)
                0x0000000010000000                _sccmram = .
 *(.ccmram)
 *(.ccmram*)
                0x0000000010000000                . = ALIGN (0x4)
                0x0000000010000000                _eccmram = .
                0x0000000010000000                . = ALIGN (0x4)

.bss            0x000000002000042c       0x34
                0x000000002000042c                _sbss = .
                0x000000002000042c                __bss_start__ = _sbss
 *(.bss)
 .bss           0x000000002000042c       0x1c /usr/lib/gcc/arm-none-eabi/4.8.2/armv7e-m/fpu/crtbegin.o
 *(.bss*)
 .bss.GPIO_InitStruct
                0x0000000020000448       0x14 obj/main.o
 .bss.uwTick    0x000000002000045c        0x4 obj/stm32f3xx_hal.o
 *(COMMON)
                0x0000000020000460                . = ALIGN (0x4)
                0x0000000020000460                _ebss = .
                0x0000000020000460                __bss_end__ = _ebss

._user_heap_stack
                0x0000000020000460      0x600
                0x0000000020000460                . = ALIGN (0x4)
                0x0000000020000460                PROVIDE (end, .)
                0x0000000020000460                PROVIDE (_end, .)
                0x0000000020000660                . = (. + _Min_Heap_Size)
 *fill*         0x0000000020000460      0x200 
                0x0000000020000a60                . = (. + _Min_Stack_Size)
 *fill*         0x0000000020000660      0x400 
                0x0000000020000a60                . = ALIGN (0x4)

/DISCARD/
 libc.a(*)
 libm.a(*)
 libgcc.a(*)

.ARM.attributes
                0x0000000000000000       0x30
 *(.ARM.attributes)
 .ARM.attributes
                0x0000000000000000       0x22 /usr/lib/gcc/arm-none-eabi/4.8.2/armv7e-m/fpu/crti.o
 .ARM.attributes
                0x0000000000000022       0x34 /usr/lib/gcc/arm-none-eabi/4.8.2/armv7e-m/fpu/crtbegin.o
 .ARM.attributes
                0x0000000000000056       0x34 /usr/lib/gcc/arm-none-eabi/4.8.2/../../../arm-none-eabi/lib/armv7e-m/fpu/libc.a(lib_a-atexit.o)
 .ARM.attributes
                0x000000000000008a       0x34 /usr/lib/gcc/arm-none-eabi/4.8.2/../../../arm-none-eabi/lib/armv7e-m/fpu/libc.a(lib_a-fini.o)
 .ARM.attributes
                0x00000000000000be       0x34 /usr/lib/gcc/arm-none-eabi/4.8.2/../../../arm-none-eabi/lib/armv7e-m/fpu/libc.a(lib_a-impure.o)
 .ARM.attributes
                0x00000000000000f2       0x34 /usr/lib/gcc/arm-none-eabi/4.8.2/../../../arm-none-eabi/lib/armv7e-m/fpu/libc.a(lib_a-init.o)
 .ARM.attributes
                0x0000000000000126       0x34 /usr/lib/gcc/arm-none-eabi/4.8.2/../../../arm-none-eabi/lib/armv7e-m/fpu/libc.a(lib_a-__atexit.o)
 .ARM.attributes
                0x000000000000015a       0x34 /usr/lib/gcc/arm-none-eabi/4.8.2/../../../arm-none-eabi/lib/armv7e-m/fpu/libc.a(lib_a-__call_atexit.o)
 .ARM.attributes
                0x000000000000018e       0x21 /tmp/ccbxEu9O.o
 .ARM.attributes
                0x00000000000001af       0x39 obj/main.o
 .ARM.attributes
                0x00000000000001e8       0x39 obj/system_stm32f3xx.o
 .ARM.attributes
                0x0000000000000221       0x39 obj/stm32f3xx_it.o
 .ARM.attributes
                0x000000000000025a       0x39 obj/stm32f3xx_hal_rcc.o
 .ARM.attributes
                0x0000000000000293       0x39 obj/stm32f3xx_hal.o
 .ARM.attributes
                0x00000000000002cc       0x39 obj/stm32f3xx_hal_cortex.o
 .ARM.attributes
                0x0000000000000305       0x39 obj/stm32f3xx_hal_gpio.o
 .ARM.attributes
                0x000000000000033e       0x34 /usr/lib/gcc/arm-none-eabi/4.8.2/armv7e-m/fpu/crtend.o
 .ARM.attributes
                0x0000000000000372       0x22 /usr/lib/gcc/arm-none-eabi/4.8.2/armv7e-m/fpu/crtn.o
OUTPUT(demo.elf elf32-littlearm)

.comment        0x0000000000000000       0x1f
 .comment       0x0000000000000000       0x1f /usr/lib/gcc/arm-none-eabi/4.8.2/armv7e-m/fpu/crtbegin.o
                                         0x20 (size before relaxing)
 .comment       0x0000000000000000       0x20 /usr/lib/gcc/arm-none-eabi/4.8.2/../../../arm-none-eabi/lib/armv7e-m/fpu/libc.a(lib_a-atexit.o)
 .comment       0x0000000000000000       0x20 /usr/lib/gcc/arm-none-eabi/4.8.2/../../../arm-none-eabi/lib/armv7e-m/fpu/libc.a(lib_a-fini.o)
 .comment       0x0000000000000000       0x20 /usr/lib/gcc/arm-none-eabi/4.8.2/../../../arm-none-eabi/lib/armv7e-m/fpu/libc.a(lib_a-impure.o)
 .comment       0x0000000000000000       0x20 /usr/lib/gcc/arm-none-eabi/4.8.2/../../../arm-none-eabi/lib/armv7e-m/fpu/libc.a(lib_a-init.o)
 .comment       0x0000000000000000       0x20 /usr/lib/gcc/arm-none-eabi/4.8.2/../../../arm-none-eabi/lib/armv7e-m/fpu/libc.a(lib_a-__atexit.o)
 .comment       0x0000000000000000       0x20 /usr/lib/gcc/arm-none-eabi/4.8.2/../../../arm-none-eabi/lib/armv7e-m/fpu/libc.a(lib_a-__call_atexit.o)
 .comment       0x0000000000000000       0x20 obj/main.o
 .comment       0x0000000000000000       0x20 obj/system_stm32f3xx.o
 .comment       0x0000000000000000       0x20 obj/stm32f3xx_it.o
 .comment       0x0000000000000000       0x20 obj/stm32f3xx_hal_rcc.o
 .comment       0x0000000000000000       0x20 obj/stm32f3xx_hal.o
 .comment       0x0000000000000000       0x20 obj/stm32f3xx_hal_cortex.o
 .comment       0x0000000000000000       0x20 obj/stm32f3xx_hal_gpio.o
 .comment       0x0000000000000000       0x20 /usr/lib/gcc/arm-none-eabi/4.8.2/armv7e-m/fpu/crtend.o

.debug_info     0x0000000000000000     0x5b2c
 .debug_info    0x0000000000000000      0x10a /usr/lib/gcc/arm-none-eabi/4.8.2/../../../arm-none-eabi/lib/armv7e-m/fpu/libc.a(lib_a-atexit.o)
 .debug_info    0x000000000000010a       0xef /usr/lib/gcc/arm-none-eabi/4.8.2/../../../arm-none-eabi/lib/armv7e-m/fpu/libc.a(lib_a-fini.o)
 .debug_info    0x00000000000001f9      0x894 /usr/lib/gcc/arm-none-eabi/4.8.2/../../../arm-none-eabi/lib/armv7e-m/fpu/libc.a(lib_a-impure.o)
 .debug_info    0x0000000000000a8d      0x105 /usr/lib/gcc/arm-none-eabi/4.8.2/../../../arm-none-eabi/lib/armv7e-m/fpu/libc.a(lib_a-init.o)
 .debug_info    0x0000000000000b92      0x934 /usr/lib/gcc/arm-none-eabi/4.8.2/../../../arm-none-eabi/lib/armv7e-m/fpu/libc.a(lib_a-__atexit.o)
 .debug_info    0x00000000000014c6      0x9aa /usr/lib/gcc/arm-none-eabi/4.8.2/../../../arm-none-eabi/lib/armv7e-m/fpu/libc.a(lib_a-__call_atexit.o)
 .debug_info    0x0000000000001e70       0x5a /tmp/ccbxEu9O.o
 .debug_info    0x0000000000001eca      0x57b obj/main.o
 .debug_info    0x0000000000002445      0x3b9 obj/system_stm32f3xx.o
 .debug_info    0x00000000000027fe      0x150 obj/stm32f3xx_it.o
 .debug_info    0x000000000000294e     0x164f obj/stm32f3xx_hal_rcc.o
 .debug_info    0x0000000000003f9d      0x71f obj/stm32f3xx_hal.o
 .debug_info    0x00000000000046bc      0xe12 obj/stm32f3xx_hal_cortex.o
 .debug_info    0x00000000000054ce      0x65e obj/stm32f3xx_hal_gpio.o

.debug_abbrev   0x0000000000000000     0x1552
 .debug_abbrev  0x0000000000000000       0xb8 /usr/lib/gcc/arm-none-eabi/4.8.2/../../../arm-none-eabi/lib/armv7e-m/fpu/libc.a(lib_a-atexit.o)
 .debug_abbrev  0x00000000000000b8       0xbd /usr/lib/gcc/arm-none-eabi/4.8.2/../../../arm-none-eabi/lib/armv7e-m/fpu/libc.a(lib_a-fini.o)
 .debug_abbrev  0x0000000000000175      0x180 /usr/lib/gcc/arm-none-eabi/4.8.2/../../../arm-none-eabi/lib/armv7e-m/fpu/libc.a(lib_a-impure.o)
 .debug_abbrev  0x00000000000002f5       0xba /usr/lib/gcc/arm-none-eabi/4.8.2/../../../arm-none-eabi/lib/armv7e-m/fpu/libc.a(lib_a-init.o)
 .debug_abbrev  0x00000000000003af      0x20f /usr/lib/gcc/arm-none-eabi/4.8.2/../../../arm-none-eabi/lib/armv7e-m/fpu/libc.a(lib_a-__atexit.o)
 .debug_abbrev  0x00000000000005be      0x285 /usr/lib/gcc/arm-none-eabi/4.8.2/../../../arm-none-eabi/lib/armv7e-m/fpu/libc.a(lib_a-__call_atexit.o)
 .debug_abbrev  0x0000000000000843       0x12 /tmp/ccbxEu9O.o
 .debug_abbrev  0x0000000000000855      0x1e9 obj/main.o
 .debug_abbrev  0x0000000000000a3e      0x101 obj/system_stm32f3xx.o
 .debug_abbrev  0x0000000000000b3f       0xa0 obj/stm32f3xx_it.o
 .debug_abbrev  0x0000000000000bdf      0x307 obj/stm32f3xx_hal_rcc.o
 .debug_abbrev  0x0000000000000ee6      0x1e2 obj/stm32f3xx_hal.o
 .debug_abbrev  0x00000000000010c8      0x2c4 obj/stm32f3xx_hal_cortex.o
 .debug_abbrev  0x000000000000138c      0x1c6 obj/stm32f3xx_hal_gpio.o

.debug_loc      0x0000000000000000     0x1891
 .debug_loc     0x0000000000000000       0x2c /usr/lib/gcc/arm-none-eabi/4.8.2/../../../arm-none-eabi/lib/armv7e-m/fpu/libc.a(lib_a-atexit.o)
 .debug_loc     0x000000000000002c       0x5c /usr/lib/gcc/arm-none-eabi/4.8.2/../../../arm-none-eabi/lib/armv7e-m/fpu/libc.a(lib_a-fini.o)
 .debug_loc     0x0000000000000088       0xae /usr/lib/gcc/arm-none-eabi/4.8.2/../../../arm-none-eabi/lib/armv7e-m/fpu/libc.a(lib_a-init.o)
 .debug_loc     0x0000000000000136      0x14d /usr/lib/gcc/arm-none-eabi/4.8.2/../../../arm-none-eabi/lib/armv7e-m/fpu/libc.a(lib_a-__atexit.o)
 .debug_loc     0x0000000000000283      0x155 /usr/lib/gcc/arm-none-eabi/4.8.2/../../../arm-none-eabi/lib/armv7e-m/fpu/libc.a(lib_a-__call_atexit.o)
 .debug_loc     0x00000000000003d8       0xd0 obj/system_stm32f3xx.o
 .debug_loc     0x00000000000004a8      0xc8b obj/stm32f3xx_hal_rcc.o
 .debug_loc     0x0000000000001133       0x49 obj/stm32f3xx_hal.o
 .debug_loc     0x000000000000117c      0x41c obj/stm32f3xx_hal_cortex.o
 .debug_loc     0x0000000000001598      0x2f9 obj/stm32f3xx_hal_gpio.o

.debug_aranges  0x0000000000000000      0x3b8
 .debug_aranges
                0x0000000000000000       0x20 /usr/lib/gcc/arm-none-eabi/4.8.2/../../../arm-none-eabi/lib/armv7e-m/fpu/libc.a(lib_a-atexit.o)
 .debug_aranges
                0x0000000000000020       0x20 /usr/lib/gcc/arm-none-eabi/4.8.2/../../../arm-none-eabi/lib/armv7e-m/fpu/libc.a(lib_a-fini.o)
 .debug_aranges
                0x0000000000000040       0x18 /usr/lib/gcc/arm-none-eabi/4.8.2/../../../arm-none-eabi/lib/armv7e-m/fpu/libc.a(lib_a-impure.o)
 .debug_aranges
                0x0000000000000058       0x20 /usr/lib/gcc/arm-none-eabi/4.8.2/../../../arm-none-eabi/lib/armv7e-m/fpu/libc.a(lib_a-init.o)
 .debug_aranges
                0x0000000000000078       0x20 /usr/lib/gcc/arm-none-eabi/4.8.2/../../../arm-none-eabi/lib/armv7e-m/fpu/libc.a(lib_a-__atexit.o)
 .debug_aranges
                0x0000000000000098       0x28 /usr/lib/gcc/arm-none-eabi/4.8.2/../../../arm-none-eabi/lib/armv7e-m/fpu/libc.a(lib_a-__call_atexit.o)
 .debug_aranges
                0x00000000000000c0       0x28 /tmp/ccbxEu9O.o
 .debug_aranges
                0x00000000000000e8       0x20 obj/main.o
 .debug_aranges
                0x0000000000000108       0x28 obj/system_stm32f3xx.o
 .debug_aranges
                0x0000000000000130       0x60 obj/stm32f3xx_it.o
 .debug_aranges
                0x0000000000000190       0x88 obj/stm32f3xx_hal_rcc.o
 .debug_aranges
                0x0000000000000218       0xb0 obj/stm32f3xx_hal.o
 .debug_aranges
                0x00000000000002c8       0x98 obj/stm32f3xx_hal_cortex.o
 .debug_aranges
                0x0000000000000360       0x58 obj/stm32f3xx_hal_gpio.o

.debug_ranges   0x0000000000000000      0x418
 .debug_ranges  0x0000000000000000       0x10 /usr/lib/gcc/arm-none-eabi/4.8.2/../../../arm-none-eabi/lib/armv7e-m/fpu/libc.a(lib_a-atexit.o)
 .debug_ranges  0x0000000000000010       0x10 /usr/lib/gcc/arm-none-eabi/4.8.2/../../../arm-none-eabi/lib/armv7e-m/fpu/libc.a(lib_a-fini.o)
 .debug_ranges  0x0000000000000020       0x10 /usr/lib/gcc/arm-none-eabi/4.8.2/../../../arm-none-eabi/lib/armv7e-m/fpu/libc.a(lib_a-init.o)
 .debug_ranges  0x0000000000000030       0x10 /usr/lib/gcc/arm-none-eabi/4.8.2/../../../arm-none-eabi/lib/armv7e-m/fpu/libc.a(lib_a-__atexit.o)
 .debug_ranges  0x0000000000000040       0x38 /usr/lib/gcc/arm-none-eabi/4.8.2/../../../arm-none-eabi/lib/armv7e-m/fpu/libc.a(lib_a-__call_atexit.o)
 .debug_ranges  0x0000000000000078       0x20 /tmp/ccbxEu9O.o
 .debug_ranges  0x0000000000000098       0x38 obj/main.o
 .debug_ranges  0x00000000000000d0       0x18 obj/system_stm32f3xx.o
 .debug_ranges  0x00000000000000e8       0x50 obj/stm32f3xx_it.o
 .debug_ranges  0x0000000000000138      0x108 obj/stm32f3xx_hal_rcc.o
 .debug_ranges  0x0000000000000240       0xa0 obj/stm32f3xx_hal.o
 .debug_ranges  0x00000000000002e0       0xd8 obj/stm32f3xx_hal_cortex.o
 .debug_ranges  0x00000000000003b8       0x60 obj/stm32f3xx_hal_gpio.o

.debug_line     0x0000000000000000     0x1c16
 .debug_line    0x0000000000000000       0xa9 /usr/lib/gcc/arm-none-eabi/4.8.2/../../../arm-none-eabi/lib/armv7e-m/fpu/libc.a(lib_a-atexit.o)
 .debug_line    0x00000000000000a9       0x9f /usr/lib/gcc/arm-none-eabi/4.8.2/../../../arm-none-eabi/lib/armv7e-m/fpu/libc.a(lib_a-fini.o)
 .debug_line    0x0000000000000148       0xd9 /usr/lib/gcc/arm-none-eabi/4.8.2/../../../arm-none-eabi/lib/armv7e-m/fpu/libc.a(lib_a-impure.o)
 .debug_line    0x0000000000000221       0xb8 /usr/lib/gcc/arm-none-eabi/4.8.2/../../../arm-none-eabi/lib/armv7e-m/fpu/libc.a(lib_a-init.o)
 .debug_line    0x00000000000002d9      0x163 /usr/lib/gcc/arm-none-eabi/4.8.2/../../../arm-none-eabi/lib/armv7e-m/fpu/libc.a(lib_a-__atexit.o)
 .debug_line    0x000000000000043c      0x19e /usr/lib/gcc/arm-none-eabi/4.8.2/../../../arm-none-eabi/lib/armv7e-m/fpu/libc.a(lib_a-__call_atexit.o)
 .debug_line    0x00000000000005da       0x78 /tmp/ccbxEu9O.o
 .debug_line    0x0000000000000652      0x1b1 obj/main.o
 .debug_line    0x0000000000000803      0x13d obj/system_stm32f3xx.o
 .debug_line    0x0000000000000940      0x17e obj/stm32f3xx_it.o
 .debug_line    0x0000000000000abe      0x80c obj/stm32f3xx_hal_rcc.o
 .debug_line    0x00000000000012ca      0x2e5 obj/stm32f3xx_hal.o
 .debug_line    0x00000000000015af      0x369 obj/stm32f3xx_hal_cortex.o
 .debug_line    0x0000000000001918      0x2fe obj/stm32f3xx_hal_gpio.o

.debug_str      0x0000000000000000     0x1a5b
 .debug_str     0x0000000000000000      0x1e9 /usr/lib/gcc/arm-none-eabi/4.8.2/../../../arm-none-eabi/lib/armv7e-m/fpu/libc.a(lib_a-atexit.o)
                                        0x229 (size before relaxing)
 .debug_str     0x00000000000001e9       0xb7 /usr/lib/gcc/arm-none-eabi/4.8.2/../../../arm-none-eabi/lib/armv7e-m/fpu/libc.a(lib_a-fini.o)
                                        0x221 (size before relaxing)
 .debug_str     0x00000000000002a0      0x432 /usr/lib/gcc/arm-none-eabi/4.8.2/../../../arm-none-eabi/lib/armv7e-m/fpu/libc.a(lib_a-impure.o)
                                        0x5bd (size before relaxing)
 .debug_str     0x00000000000006d2       0x93 /usr/lib/gcc/arm-none-eabi/4.8.2/../../../arm-none-eabi/lib/armv7e-m/fpu/libc.a(lib_a-init.o)
                                        0x24b (size before relaxing)
 .debug_str     0x0000000000000765       0x33 /usr/lib/gcc/arm-none-eabi/4.8.2/../../../arm-none-eabi/lib/armv7e-m/fpu/libc.a(lib_a-__atexit.o)
                                        0x605 (size before relaxing)
 .debug_str     0x0000000000000798       0x89 /usr/lib/gcc/arm-none-eabi/4.8.2/../../../arm-none-eabi/lib/armv7e-m/fpu/libc.a(lib_a-__call_atexit.o)
                                        0x61d (size before relaxing)
 .debug_str     0x0000000000000821      0x37d obj/main.o
                                        0x42e (size before relaxing)
 .debug_str     0x0000000000000b9e       0xd1 obj/system_stm32f3xx.o
                                        0x2b8 (size before relaxing)
 .debug_str     0x0000000000000c6f       0xb1 obj/stm32f3xx_it.o
                                        0x21b (size before relaxing)
 .debug_str     0x0000000000000d20      0x22b obj/stm32f3xx_hal_rcc.o
                                        0x633 (size before relaxing)
 .debug_str     0x0000000000000f4b      0x629 obj/stm32f3xx_hal.o
                                        0x8b7 (size before relaxing)
 .debug_str     0x0000000000001574      0x37a obj/stm32f3xx_hal_cortex.o
                                        0xaff (size before relaxing)
 .debug_str     0x00000000000018ee      0x16d obj/stm32f3xx_hal_gpio.o
                                        0x432 (size before relaxing)

.debug_frame    0x0000000000000000      0x680
 .debug_frame   0x0000000000000000       0x20 /usr/lib/gcc/arm-none-eabi/4.8.2/../../../arm-none-eabi/lib/armv7e-m/fpu/libc.a(lib_a-atexit.o)
 .debug_frame   0x0000000000000020       0x2c /usr/lib/gcc/arm-none-eabi/4.8.2/../../../arm-none-eabi/lib/armv7e-m/fpu/libc.a(lib_a-fini.o)
 .debug_frame   0x000000000000004c       0x2c /usr/lib/gcc/arm-none-eabi/4.8.2/../../../arm-none-eabi/lib/armv7e-m/fpu/libc.a(lib_a-init.o)
 .debug_frame   0x0000000000000078       0x30 /usr/lib/gcc/arm-none-eabi/4.8.2/../../../arm-none-eabi/lib/armv7e-m/fpu/libc.a(lib_a-__atexit.o)
 .debug_frame   0x00000000000000a8       0x48 /usr/lib/gcc/arm-none-eabi/4.8.2/../../../arm-none-eabi/lib/armv7e-m/fpu/libc.a(lib_a-__call_atexit.o)
 .debug_frame   0x00000000000000f0       0x2c obj/main.o
 .debug_frame   0x000000000000011c       0x30 obj/system_stm32f3xx.o
 .debug_frame   0x000000000000014c       0xa0 obj/stm32f3xx_it.o
 .debug_frame   0x00000000000001ec      0x138 obj/stm32f3xx_hal_rcc.o
 .debug_frame   0x0000000000000324      0x164 obj/stm32f3xx_hal.o
 .debug_frame   0x0000000000000488      0x130 obj/stm32f3xx_hal_cortex.o
 .debug_frame   0x00000000000005b8       0xc8 obj/stm32f3xx_hal_gpio.o
