Archive member included because of file (symbol)

/usr/lib/gcc/arm-none-eabi/4.8.2/../../../arm-none-eabi/lib/armv7e-m/fpu/libc.a(lib_a-atexit.o)
                              /usr/lib/gcc/arm-none-eabi/4.8.2/../../../arm-none-eabi/lib/armv7e-m/fpu/rdimon-crt0.o (atexit)
/usr/lib/gcc/arm-none-eabi/4.8.2/../../../arm-none-eabi/lib/armv7e-m/fpu/libc.a(lib_a-exit.o)
                              /usr/lib/gcc/arm-none-eabi/4.8.2/../../../arm-none-eabi/lib/armv7e-m/fpu/rdimon-crt0.o (exit)
/usr/lib/gcc/arm-none-eabi/4.8.2/../../../arm-none-eabi/lib/armv7e-m/fpu/libc.a(lib_a-fini.o)
                              /usr/lib/gcc/arm-none-eabi/4.8.2/../../../arm-none-eabi/lib/armv7e-m/fpu/rdimon-crt0.o (__libc_fini_array)
/usr/lib/gcc/arm-none-eabi/4.8.2/../../../arm-none-eabi/lib/armv7e-m/fpu/libc.a(lib_a-impure.o)
                              /usr/lib/gcc/arm-none-eabi/4.8.2/../../../arm-none-eabi/lib/armv7e-m/fpu/libc.a(lib_a-exit.o) (_global_impure_ptr)
/usr/lib/gcc/arm-none-eabi/4.8.2/../../../arm-none-eabi/lib/armv7e-m/fpu/libc.a(lib_a-init.o)
                              /usr/lib/gcc/arm-none-eabi/4.8.2/../../../arm-none-eabi/lib/armv7e-m/fpu/rdimon-crt0.o (__libc_init_array)
/usr/lib/gcc/arm-none-eabi/4.8.2/../../../arm-none-eabi/lib/armv7e-m/fpu/libc.a(lib_a-memset.o)
                              /usr/lib/gcc/arm-none-eabi/4.8.2/../../../arm-none-eabi/lib/armv7e-m/fpu/rdimon-crt0.o (memset)
/usr/lib/gcc/arm-none-eabi/4.8.2/../../../arm-none-eabi/lib/armv7e-m/fpu/libc.a(lib_a-__atexit.o)
                              /usr/lib/gcc/arm-none-eabi/4.8.2/../../../arm-none-eabi/lib/armv7e-m/fpu/libc.a(lib_a-atexit.o) (__register_exitproc)
/usr/lib/gcc/arm-none-eabi/4.8.2/../../../arm-none-eabi/lib/armv7e-m/fpu/libc.a(lib_a-__call_atexit.o)
                              /usr/lib/gcc/arm-none-eabi/4.8.2/../../../arm-none-eabi/lib/armv7e-m/fpu/libc.a(lib_a-exit.o) (__call_exitprocs)
/usr/lib/gcc/arm-none-eabi/4.8.2/../../../arm-none-eabi/lib/armv7e-m/fpu/librdimon.a(rdimon-syscalls.o)
                              /usr/lib/gcc/arm-none-eabi/4.8.2/../../../arm-none-eabi/lib/armv7e-m/fpu/rdimon-crt0.o (initialise_monitor_handles)
/usr/lib/gcc/arm-none-eabi/4.8.2/../../../arm-none-eabi/lib/armv7e-m/fpu/librdimon.a(rdimon-_exit.o)
                              /usr/lib/gcc/arm-none-eabi/4.8.2/../../../arm-none-eabi/lib/armv7e-m/fpu/libc.a(lib_a-exit.o) (_exit)
/usr/lib/gcc/arm-none-eabi/4.8.2/../../../arm-none-eabi/lib/armv7e-m/fpu/librdimon.a(rdimon-_kill.o)
                              /usr/lib/gcc/arm-none-eabi/4.8.2/../../../arm-none-eabi/lib/armv7e-m/fpu/librdimon.a(rdimon-_exit.o) (_kill)
/usr/lib/gcc/arm-none-eabi/4.8.2/../../../arm-none-eabi/lib/armv7e-m/fpu/libg.a(lib_a-errno.o)
                              /usr/lib/gcc/arm-none-eabi/4.8.2/../../../arm-none-eabi/lib/armv7e-m/fpu/librdimon.a(rdimon-syscalls.o) (__errno)
/usr/lib/gcc/arm-none-eabi/4.8.2/../../../arm-none-eabi/lib/armv7e-m/fpu/libg.a(lib_a-findfp.o)
                              /usr/lib/gcc/arm-none-eabi/4.8.2/../../../arm-none-eabi/lib/armv7e-m/fpu/librdimon.a(rdimon-syscalls.o) (__sinit)
/usr/lib/gcc/arm-none-eabi/4.8.2/../../../arm-none-eabi/lib/armv7e-m/fpu/libg.a(lib_a-fwalk.o)
                              /usr/lib/gcc/arm-none-eabi/4.8.2/../../../arm-none-eabi/lib/armv7e-m/fpu/libg.a(lib_a-findfp.o) (_fwalk)
/usr/lib/gcc/arm-none-eabi/4.8.2/../../../arm-none-eabi/lib/armv7e-m/fpu/libg.a(lib_a-mallocr.o)
                              /usr/lib/gcc/arm-none-eabi/4.8.2/../../../arm-none-eabi/lib/armv7e-m/fpu/libg.a(lib_a-findfp.o) (_malloc_r)
/usr/lib/gcc/arm-none-eabi/4.8.2/../../../arm-none-eabi/lib/armv7e-m/fpu/libg.a(lib_a-mlock.o)
                              /usr/lib/gcc/arm-none-eabi/4.8.2/../../../arm-none-eabi/lib/armv7e-m/fpu/libg.a(lib_a-mallocr.o) (__malloc_lock)
/usr/lib/gcc/arm-none-eabi/4.8.2/../../../arm-none-eabi/lib/armv7e-m/fpu/libg.a(lib_a-printf.o)
                              obj/main.o (printf)
/usr/lib/gcc/arm-none-eabi/4.8.2/../../../arm-none-eabi/lib/armv7e-m/fpu/libg.a(lib_a-puts.o)
                              obj/main.o (puts)
/usr/lib/gcc/arm-none-eabi/4.8.2/../../../arm-none-eabi/lib/armv7e-m/fpu/libg.a(lib_a-sbrkr.o)
                              /usr/lib/gcc/arm-none-eabi/4.8.2/../../../arm-none-eabi/lib/armv7e-m/fpu/libg.a(lib_a-mallocr.o) (_sbrk_r)
/usr/lib/gcc/arm-none-eabi/4.8.2/../../../arm-none-eabi/lib/armv7e-m/fpu/libg.a(lib_a-setbuf.o)
                              obj/main.o (setbuf)
/usr/lib/gcc/arm-none-eabi/4.8.2/../../../arm-none-eabi/lib/armv7e-m/fpu/libg.a(lib_a-setvbuf.o)
                              /usr/lib/gcc/arm-none-eabi/4.8.2/../../../arm-none-eabi/lib/armv7e-m/fpu/libg.a(lib_a-setbuf.o) (setvbuf)
/usr/lib/gcc/arm-none-eabi/4.8.2/../../../arm-none-eabi/lib/armv7e-m/fpu/libg.a(lib_a-stdio.o)
                              /usr/lib/gcc/arm-none-eabi/4.8.2/../../../arm-none-eabi/lib/armv7e-m/fpu/libg.a(lib_a-findfp.o) (__sread)
[...]
Memory Configuration

Name             Origin             Length             Attributes
FLASH            0x0000000008000000 0x0000000000040000 xr
RAM              0x0000000020000000 0x000000000000a000 xrw
CCMRAM           0x0000000010000000 0x0000000000002000 rw
*default*        0x0000000000000000 0xffffffffffffffff

Linker script and memory map

LOAD /usr/lib/gcc/arm-none-eabi/4.8.2/armv7e-m/fpu/crti.o
LOAD /usr/lib/gcc/arm-none-eabi/4.8.2/armv7e-m/fpu/crtbegin.o
LOAD /usr/lib/gcc/arm-none-eabi/4.8.2/../../../arm-none-eabi/lib/armv7e-m/fpu/rdimon-crt0.o
LOAD /usr/lib/gcc/arm-none-eabi/4.8.2/../../../arm-none-eabi/lib/armv7e-m/fpu/libc.a
LOAD /usr/lib/gcc/arm-none-eabi/4.8.2/../../../arm-none-eabi/lib/armv7e-m/fpu/librdimon.a
LOAD /tmp/ccDRrx2d.o
LOAD obj/main.o
LOAD obj/system_stm32f3xx.o
LOAD obj/stm32f3xx_hal_rcc.o
LOAD obj/stm32f3xx_hal_rcc_ex.o
LOAD obj/stm32f3xx_hal.o
LOAD obj/stm32f3xx_hal_cortex.o
LOAD obj/stm32f3xx_hal_gpio.o
LOAD obj/stm32f3_discovery.o
LOAD obj/stm32f3xx_hal_i2c.o
LOAD obj/stm32f3xx_hal_i2c_ex.o
START GROUP
LOAD /usr/lib/gcc/arm-none-eabi/4.8.2/armv7e-m/fpu/libgcc.a
START GROUP
LOAD /usr/lib/gcc/arm-none-eabi/4.8.2/../../../arm-none-eabi/lib/armv7e-m/fpu/libg.a
LOAD /usr/lib/gcc/arm-none-eabi/4.8.2/../../../arm-none-eabi/lib/armv7e-m/fpu/libc.a
LOAD /usr/lib/gcc/arm-none-eabi/4.8.2/../../../arm-none-eabi/lib/armv7e-m/fpu/librdimon.a
END GROUP
END GROUP
LOAD /usr/lib/gcc/arm-none-eabi/4.8.2/armv7e-m/fpu/crtend.o
LOAD /usr/lib/gcc/arm-none-eabi/4.8.2/armv7e-m/fpu/crtn.o
                0x0000000020009fff                _estack = 0x20009fff
                0x0000000000000200                _Min_Heap_Size = 0x200
                0x0000000000000400                _Min_Stack_Size = 0x400

.isr_vector     0x0000000008000000      0x188
                0x0000000008000000                . = ALIGN (0x4)
 *(.isr_vector)
 .isr_vector    0x0000000008000000      0x188 /tmp/ccDRrx2d.o
                0x0000000008000000                g_pfnVectors
                0x0000000008000188                . = ALIGN (0x4)

.text           0x0000000008000188     0x6fcc
                0x0000000008000188                . = ALIGN (0x4)
 *(.text)
 .text          0x0000000008000188       0xc8 /usr/lib/gcc/arm-none-eabi/4.8.2/armv7e-m/fpu/crtbegin.o
 .text          0x0000000008000250      0x134 /usr/lib/gcc/arm-none-eabi/4.8.2/../../../arm-none-eabi/lib/armv7e-m/fpu/libg.a(lib_a-memcpy.o)
                0x0000000008000250                memcpy
 .text          0x0000000008000384      0x370 /usr/lib/gcc/arm-none-eabi/4.8.2/armv7e-m/fpu/libgcc.a(_arm_addsubdf3.o)
                0x0000000008000384                __aeabi_drsub
                0x000000000800038c                __aeabi_dsub
                0x000000000800038c                __subdf3
                0x0000000008000390                __adddf3
                0x0000000008000390                __aeabi_dadd
                0x0000000008000608                __aeabi_ui2d
                0x0000000008000608                __floatunsidf
                0x0000000008000628                __floatsidf
                0x0000000008000628                __aeabi_i2d
                0x000000000800064c                __extendsfdf2
                0x000000000800064c                __aeabi_f2d
                0x0000000008000688                __aeabi_ul2d
                0x0000000008000688                __floatundidf
                0x0000000008000698                __floatdidf
                0x0000000008000698                __aeabi_l2d
 .text          0x00000000080006f4      0x424 /usr/lib/gcc/arm-none-eabi/4.8.2/armv7e-m/fpu/libgcc.a(_arm_muldivdf3.o)
                0x00000000080006f4                __aeabi_dmul
                0x00000000080006f4                __muldf3
                0x0000000008000948                __aeabi_ddiv
                0x0000000008000948                __divdf3
 .text          0x0000000008000b18      0x110 /usr/lib/gcc/arm-none-eabi/4.8.2/armv7e-m/fpu/libgcc.a(_arm_cmpdf2.o)
                0x0000000008000b18                __gtdf2
                0x0000000008000b18                __gedf2
                0x0000000008000b20                __ltdf2
                0x0000000008000b20                __ledf2
                0x0000000008000b28                __cmpdf2
                0x0000000008000b28                __eqdf2
                0x0000000008000b28                __nedf2
                0x0000000008000ba4                __aeabi_cdrcmple
                0x0000000008000bb4                __aeabi_cdcmple
                0x0000000008000bb4                __aeabi_cdcmpeq
                0x0000000008000bc4                __aeabi_dcmpeq
                0x0000000008000bd8                __aeabi_dcmplt
                0x0000000008000bec                __aeabi_dcmple
                0x0000000008000c00                __aeabi_dcmpge
                0x0000000008000c14                __aeabi_dcmpgt
 .text          0x0000000008000c28       0x50 /usr/lib/gcc/arm-none-eabi/4.8.2/armv7e-m/fpu/libgcc.a(_arm_fixdfsi.o)
                0x0000000008000c28                __fixdfsi
                0x0000000008000c28                __aeabi_d2iz
 .text          0x0000000008000c78       0x2c /usr/lib/gcc/arm-none-eabi/4.8.2/armv7e-m/fpu/libgcc.a(_aeabi_uldivmod.o)
                0x0000000008000c78                __aeabi_uldivmod
 .text          0x0000000008000ca4       0x60 /usr/lib/gcc/arm-none-eabi/4.8.2/armv7e-m/fpu/libgcc.a(bpabi.o)
                0x0000000008000ca4                __gnu_ldivmod_helper
                0x0000000008000cd4                __gnu_uldivmod_helper
 .text          0x0000000008000d04        0x4 /usr/lib/gcc/arm-none-eabi/4.8.2/armv7e-m/fpu/libgcc.a(_dvmd_tls.o)
                0x0000000008000d04                __aeabi_ldiv0
                0x0000000008000d04                __aeabi_idiv0
 .text          0x0000000008000d08      0x2ac /usr/lib/gcc/arm-none-eabi/4.8.2/armv7e-m/fpu/libgcc.a(_divdi3.o)
                0x0000000008000d08                __divdi3
 .text          0x0000000008000fb4      0x27c /usr/lib/gcc/arm-none-eabi/4.8.2/armv7e-m/fpu/libgcc.a(_udivdi3.o)
                0x0000000008000fb4                __udivdi3
 *(.text*)
 .text.atexit   0x0000000008001230        0xc /usr/lib/gcc/arm-none-eabi/4.8.2/../../../arm-none-eabi/lib/armv7e-m/fpu/libc.a(lib_a-atexit.o)
                0x0000000008001230                atexit
 .text.__libc_fini_array
                0x000000000800123c       0x34 /usr/lib/gcc/arm-none-eabi/4.8.2/../../../arm-none-eabi/lib/armv7e-m/fpu/libc.a(lib_a-fini.o)
                0x000000000800123c                __libc_fini_array
 .text.__libc_init_array
                0x0000000008001270       0x5c /usr/lib/gcc/arm-none-eabi/4.8.2/../../../arm-none-eabi/lib/armv7e-m/fpu/libc.a(lib_a-init.o)
                0x0000000008001270                __libc_init_array
 .text.memset   0x00000000080012cc       0x94 /usr/lib/gcc/arm-none-eabi/4.8.2/../../../arm-none-eabi/lib/armv7e-m/fpu/libc.a(lib_a-memset.o)
                0x00000000080012cc                memset
 .text.__register_exitproc
                0x0000000008001360       0xac /usr/lib/gcc/arm-none-eabi/4.8.2/../../../arm-none-eabi/lib/armv7e-m/fpu/libc.a(lib_a-__atexit.o)
                0x0000000008001360                __register_exitproc
 .text.startup.register_fini
                0x000000000800140c       0x18 /usr/lib/gcc/arm-none-eabi/4.8.2/../../../arm-none-eabi/lib/armv7e-m/fpu/libc.a(lib_a-__call_atexit.o)
 .text.findslot
                0x0000000008001424       0x3c /usr/lib/gcc/arm-none-eabi/4.8.2/../../../arm-none-eabi/lib/armv7e-m/fpu/librdimon.a(rdimon-syscalls.o)
 .text.checkerror.part.0
                0x0000000008001460       0x1c /usr/lib/gcc/arm-none-eabi/4.8.2/../../../arm-none-eabi/lib/armv7e-m/fpu/librdimon.a(rdimon-syscalls.o)
 .text._swiread
                0x000000000800147c       0x2c /usr/lib/gcc/arm-none-eabi/4.8.2/../../../arm-none-eabi/lib/armv7e-m/fpu/librdimon.a(rdimon-syscalls.o)
                0x000000000800147c                _swiread
 .text._read    0x00000000080014a8       0x38 /usr/lib/gcc/arm-none-eabi/4.8.2/../../../arm-none-eabi/lib/armv7e-m/fpu/librdimon.a(rdimon-syscalls.o)
                0x00000000080014a8                _read
 .text._swilseek
                0x00000000080014e0       0x98 /usr/lib/gcc/arm-none-eabi/4.8.2/../../../arm-none-eabi/lib/armv7e-m/fpu/librdimon.a(rdimon-syscalls.o)
                0x00000000080014e0                _swilseek
 .text._lseek   0x0000000008001578        0x4 /usr/lib/gcc/arm-none-eabi/4.8.2/../../../arm-none-eabi/lib/armv7e-m/fpu/librdimon.a(rdimon-syscalls.o)
                0x0000000008001578                _lseek
 .text._swiwrite
                0x000000000800157c       0x2c /usr/lib/gcc/arm-none-eabi/4.8.2/../../../arm-none-eabi/lib/armv7e-m/fpu/librdimon.a(rdimon-syscalls.o)
                0x000000000800157c                _swiwrite
 .text._write   0x00000000080015a8       0x58 /usr/lib/gcc/arm-none-eabi/4.8.2/../../../arm-none-eabi/lib/armv7e-m/fpu/librdimon.a(rdimon-syscalls.o)
                0x00000000080015a8                _write
 .text._close   0x0000000008001600       0x70 /usr/lib/gcc/arm-none-eabi/4.8.2/../../../arm-none-eabi/lib/armv7e-m/fpu/librdimon.a(rdimon-syscalls.o)
                0x0000000008001600                _close
 .text._sbrk    0x0000000008001670       0x38 /usr/lib/gcc/arm-none-eabi/4.8.2/../../../arm-none-eabi/lib/armv7e-m/fpu/librdimon.a(rdimon-syscalls.o)
                0x0000000008001670                _sbrk
 .text._swistat
                0x00000000080016a8       0x4c /usr/lib/gcc/arm-none-eabi/4.8.2/../../../arm-none-eabi/lib/armv7e-m/fpu/librdimon.a(rdimon-syscalls.o)
                0x00000000080016a8                _swistat
 .text._fstat   0x00000000080016f4       0x1c /usr/lib/gcc/arm-none-eabi/4.8.2/../../../arm-none-eabi/lib/armv7e-m/fpu/librdimon.a(rdimon-syscalls.o)
                0x00000000080016f4                _fstat
 .text._isatty  0x0000000008001710       0x3c /usr/lib/gcc/arm-none-eabi/4.8.2/../../../arm-none-eabi/lib/armv7e-m/fpu/librdimon.a(rdimon-syscalls.o)
                0x0000000008001710                _isatty
 .text.Reset_Handler
                0x000000000800174c       0x50 /tmp/ccDRrx2d.o
                0x000000000800174c                Reset_Handler
 .text.Default_Handler
                0x000000000800179c        0x2 /tmp/ccDRrx2d.o
                0x000000000800179c                RTC_Alarm_IRQHandler
                0x000000000800179c                TIM8_TRG_COM_IRQHandler
                0x000000000800179c                TIM8_CC_IRQHandler
                0x000000000800179c                DebugMon_Handler
                0x000000000800179c                TIM1_CC_IRQHandler
                0x000000000800179c                HardFault_Handler
                0x000000000800179c                USB_HP_IRQHandler
                0x000000000800179c                SysTick_Handler
                0x000000000800179c                PVD_IRQHandler
                0x000000000800179c                TAMP_STAMP_IRQHandler
                0x000000000800179c                PendSV_Handler
                0x000000000800179c                NMI_Handler
                0x000000000800179c                EXTI3_IRQHandler
                0x000000000800179c                USB_HP_CAN_TX_IRQHandler
                0x000000000800179c                EXTI0_IRQHandler
                0x000000000800179c                I2C2_EV_IRQHandler
                0x000000000800179c                FPU_IRQHandler
                0x000000000800179c                TIM1_UP_TIM16_IRQHandler
                0x000000000800179c                UsageFault_Handler
                0x000000000800179c                ADC1_2_IRQHandler
                0x000000000800179c                SPI1_IRQHandler
                0x000000000800179c                CAN_SCE_IRQHandler
                0x000000000800179c                TIM6_DAC_IRQHandler
                0x000000000800179c                TIM8_UP_IRQHandler
                0x000000000800179c                DMA2_Channel2_IRQHandler
                0x000000000800179c                DMA1_Channel4_IRQHandler
                0x000000000800179c                USART3_IRQHandler
                0x000000000800179c                DMA1_Channel7_IRQHandler
                0x000000000800179c                UART5_IRQHandler
                0x000000000800179c                ADC3_IRQHandler
                0x000000000800179c                TIM4_IRQHandler
                0x000000000800179c                CAN_RX1_IRQHandler
                0x000000000800179c                DMA2_Channel1_IRQHandler
                0x000000000800179c                I2C1_EV_IRQHandler
                0x000000000800179c                DMA1_Channel6_IRQHandler
                0x000000000800179c                UART4_IRQHandler
                0x000000000800179c                DMA2_Channel4_IRQHandler
                0x000000000800179c                TIM3_IRQHandler
                0x000000000800179c                RCC_IRQHandler
                0x000000000800179c                DMA1_Channel1_IRQHandler
                0x000000000800179c                Default_Handler
                0x000000000800179c                USBWakeUp_RMP_IRQHandler
                0x000000000800179c                EXTI15_10_IRQHandler
                0x000000000800179c                TIM7_IRQHandler
                0x000000000800179c                EXTI9_5_IRQHandler
                0x000000000800179c                RTC_WKUP_IRQHandler
                0x000000000800179c                SPI2_IRQHandler
                0x000000000800179c                USB_LP_CAN_RX0_IRQHandler
                0x000000000800179c                MemManage_Handler
                0x000000000800179c                SVC_Handler
                0x000000000800179c                DMA2_Channel5_IRQHandler
                0x000000000800179c                DMA1_Channel5_IRQHandler
                0x000000000800179c                USB_LP_IRQHandler
                0x000000000800179c                EXTI4_IRQHandler
                0x000000000800179c                TIM1_TRG_COM_TIM17_IRQHandler
                0x000000000800179c                DMA1_Channel3_IRQHandler
                0x000000000800179c                ADC4_IRQHandler
                0x000000000800179c                WWDG_IRQHandler
                0x000000000800179c                TIM2_IRQHandler
                0x000000000800179c                COMP7_IRQHandler
                0x000000000800179c                COMP1_2_3_IRQHandler
                0x000000000800179c                EXTI1_IRQHandler
                0x000000000800179c                USART2_IRQHandler
                0x000000000800179c                COMP4_5_6_IRQHandler
                0x000000000800179c                I2C2_ER_IRQHandler
                0x000000000800179c                DMA1_Channel2_IRQHandler
                0x000000000800179c                TIM8_BRK_IRQHandler
                0x000000000800179c                FLASH_IRQHandler
                0x000000000800179c                BusFault_Handler
                0x000000000800179c                USART1_IRQHandler
                0x000000000800179c                SPI3_IRQHandler
                0x000000000800179c                I2C1_ER_IRQHandler
                0x000000000800179c                USBWakeUp_IRQHandler
                0x000000000800179c                DMA2_Channel3_IRQHandler
                0x000000000800179c                EXTI2_TSC_IRQHandler
                0x000000000800179c                TIM1_BRK_TIM15_IRQHandler
 *fill*         0x000000000800179e        0x2 
 .text.startup.main
                0x00000000080017a0      0x1cc obj/main.o
                0x00000000080017a0                main
 .text.SystemInit
                0x000000000800196c       0x68 obj/system_stm32f3xx.o
                0x000000000800196c                SystemInit
 .text.HAL_RCC_OscConfig
                0x00000000080019d4      0x5a0 obj/stm32f3xx_hal_rcc.o
                0x00000000080019d4                HAL_RCC_OscConfig
 .text.HAL_RCC_ClockConfig
                0x0000000008001f74      0x238 obj/stm32f3xx_hal_rcc.o
                0x0000000008001f74                HAL_RCC_ClockConfig
 .text.HAL_RCC_GetSysClockFreq
                0x00000000080021ac       0x64 obj/stm32f3xx_hal_rcc.o
                0x00000000080021ac                HAL_RCC_GetSysClockFreq
 .text.HAL_RCC_GetHCLKFreq
                0x0000000008002210       0x34 obj/stm32f3xx_hal_rcc.o
                0x0000000008002210                HAL_RCC_GetHCLKFreq
 .text.HAL_MspInit
                0x0000000008002244        0x2 obj/stm32f3xx_hal.o
                0x0000000008002244                HAL_MspInit
 .text.HAL_InitTick
                0x0000000008002246       0x24 obj/stm32f3xx_hal.o
                0x0000000008002246                HAL_InitTick
 *fill*         0x000000000800226a        0x2 
 .text.HAL_Init
                0x000000000800226c       0x24 obj/stm32f3xx_hal.o
                0x000000000800226c                HAL_Init
 .text.HAL_GetTick
                0x0000000008002290        0xc obj/stm32f3xx_hal.o
                0x0000000008002290                HAL_GetTick
 .text.HAL_NVIC_SetPriorityGrouping
                0x000000000800229c       0x24 obj/stm32f3xx_hal_cortex.o
                0x000000000800229c                HAL_NVIC_SetPriorityGrouping
 .text.HAL_NVIC_SetPriority
                0x00000000080022c0       0x64 obj/stm32f3xx_hal_cortex.o
                0x00000000080022c0                HAL_NVIC_SetPriority
 .text.HAL_SYSTICK_Config
                0x0000000008002324       0x2c obj/stm32f3xx_hal_cortex.o
                0x0000000008002324                HAL_SYSTICK_Config
 .text.HAL_GPIO_Init
                0x0000000008002350      0x1a4 obj/stm32f3xx_hal_gpio.o
                0x0000000008002350                HAL_GPIO_Init
 .text.HAL_GPIO_WritePin
                0x00000000080024f4        0xa obj/stm32f3xx_hal_gpio.o
                0x00000000080024f4                HAL_GPIO_WritePin
 *fill*         0x00000000080024fe        0x2 
 .text.I2C_TransferConfig
                0x0000000008002500       0x24 obj/stm32f3xx_hal_i2c.o
 .text.I2C_IsAcknowledgeFailed
                0x0000000008002524       0x78 obj/stm32f3xx_hal_i2c.o
 .text.I2C_WaitOnFlagUntilTimeout
                0x000000000800259c       0x68 obj/stm32f3xx_hal_i2c.o
 .text.I2C_WaitOnTXISFlagUntilTimeout
                0x0000000008002604       0x50 obj/stm32f3xx_hal_i2c.o
 .text.I2C_RequestMemoryRead
                0x0000000008002654       0x62 obj/stm32f3xx_hal_i2c.o
 .text.I2C_WaitOnSTOPFlagUntilTimeout
                0x00000000080026b6       0x4c obj/stm32f3xx_hal_i2c.o
 .text.HAL_I2C_MspInit
                0x0000000008002702        0x2 obj/stm32f3xx_hal_i2c.o
                0x0000000008002702                HAL_I2C_MspInit
 .text.HAL_I2C_Init
                0x0000000008002704       0x96 obj/stm32f3xx_hal_i2c.o
                0x0000000008002704                HAL_I2C_Init
 *fill*         0x000000000800279a        0x2 
 .text.HAL_I2C_Mem_Read
                0x000000000800279c      0x104 obj/stm32f3xx_hal_i2c.o
                0x000000000800279c                HAL_I2C_Mem_Read
 .text.HAL_I2C_GetState
                0x00000000080028a0        0x6 obj/stm32f3xx_hal_i2c.o
                0x00000000080028a0                HAL_I2C_GetState
 *fill*         0x00000000080028a6        0x2 
 .text.__errno  0x00000000080028a8        0xc /usr/lib/gcc/arm-none-eabi/4.8.2/../../../arm-none-eabi/lib/armv7e-m/fpu/libg.a(lib_a-errno.o)
                0x00000000080028a8                __errno
 .text._cleanup_r
                0x00000000080028b4        0xc /usr/lib/gcc/arm-none-eabi/4.8.2/../../../arm-none-eabi/lib/armv7e-m/fpu/libg.a(lib_a-findfp.o)
                0x00000000080028b4                _cleanup_r
 .text.__sinit  0x00000000080028c0       0xf8 /usr/lib/gcc/arm-none-eabi/4.8.2/../../../arm-none-eabi/lib/armv7e-m/fpu/libg.a(lib_a-findfp.o)
                0x00000000080028c0                __sinit
 .text.__sfp_lock_acquire
                0x00000000080029b8        0x4 /usr/lib/gcc/arm-none-eabi/4.8.2/../../../arm-none-eabi/lib/armv7e-m/fpu/libg.a(lib_a-findfp.o)
                0x00000000080029b8                __sfp_lock_acquire
 .text.__sfp_lock_release
                0x00000000080029bc        0x4 /usr/lib/gcc/arm-none-eabi/4.8.2/../../../arm-none-eabi/lib/armv7e-m/fpu/libg.a(lib_a-findfp.o)
                0x00000000080029bc                __sfp_lock_release
 .text._fwalk   0x00000000080029c0       0x4c /usr/lib/gcc/arm-none-eabi/4.8.2/../../../arm-none-eabi/lib/armv7e-m/fpu/libg.a(lib_a-fwalk.o)
                0x00000000080029c0                _fwalk
 .text._malloc_r
                0x0000000008002a0c      0x564 /usr/lib/gcc/arm-none-eabi/4.8.2/../../../arm-none-eabi/lib/armv7e-m/fpu/libg.a(lib_a-mallocr.o)
                0x0000000008002a0c                _malloc_r
 .text.__malloc_lock
                0x0000000008002f70        0x4 /usr/lib/gcc/arm-none-eabi/4.8.2/../../../arm-none-eabi/lib/armv7e-m/fpu/libg.a(lib_a-mlock.o)
                0x0000000008002f70                __malloc_lock
 .text.__malloc_unlock
                0x0000000008002f74        0x4 /usr/lib/gcc/arm-none-eabi/4.8.2/../../../arm-none-eabi/lib/armv7e-m/fpu/libg.a(lib_a-mlock.o)
                0x0000000008002f74                __malloc_unlock
 .text.printf   0x0000000008002f78       0x28 /usr/lib/gcc/arm-none-eabi/4.8.2/../../../arm-none-eabi/lib/armv7e-m/fpu/libg.a(lib_a-printf.o)
                0x0000000008002f78                printf
 .text._puts_r  0x0000000008002fa0       0x64 /usr/lib/gcc/arm-none-eabi/4.8.2/../../../arm-none-eabi/lib/armv7e-m/fpu/libg.a(lib_a-puts.o)
                0x0000000008002fa0                _puts_r
 .text.puts     0x0000000008003004       0x10 /usr/lib/gcc/arm-none-eabi/4.8.2/../../../arm-none-eabi/lib/armv7e-m/fpu/libg.a(lib_a-puts.o)
                0x0000000008003004                puts
 .text._sbrk_r  0x0000000008003014       0x28 /usr/lib/gcc/arm-none-eabi/4.8.2/../../../arm-none-eabi/lib/armv7e-m/fpu/libg.a(lib_a-sbrkr.o)
                0x0000000008003014                _sbrk_r
 .text.setbuf   0x000000000800303c       0x10 /usr/lib/gcc/arm-none-eabi/4.8.2/../../../arm-none-eabi/lib/armv7e-m/fpu/libg.a(lib_a-setbuf.o)
                0x000000000800303c                setbuf
 .text.setvbuf  0x000000000800304c      0x114 /usr/lib/gcc/arm-none-eabi/4.8.2/../../../arm-none-eabi/lib/armv7e-m/fpu/libg.a(lib_a-setvbuf.o)
                0x000000000800304c                setvbuf
 .text.__sread  0x0000000008003160       0x24 /usr/lib/gcc/arm-none-eabi/4.8.2/../../../arm-none-eabi/lib/armv7e-m/fpu/libg.a(lib_a-stdio.o)
                0x0000000008003160                __sread
 .text.__swrite
                0x0000000008003184       0x38 /usr/lib/gcc/arm-none-eabi/4.8.2/../../../arm-none-eabi/lib/armv7e-m/fpu/libg.a(lib_a-stdio.o)
                0x0000000008003184                __swrite
 .text.__sseek  0x00000000080031bc       0x20 /usr/lib/gcc/arm-none-eabi/4.8.2/../../../arm-none-eabi/lib/armv7e-m/fpu/libg.a(lib_a-stdio.o)
                0x00000000080031bc                __sseek
 .text.__sclose
                0x00000000080031dc        0x8 /usr/lib/gcc/arm-none-eabi/4.8.2/../../../arm-none-eabi/lib/armv7e-m/fpu/libg.a(lib_a-stdio.o)
                0x00000000080031dc                __sclose
 .text.strlen   0x00000000080031e4       0x60 /usr/lib/gcc/arm-none-eabi/4.8.2/../../../arm-none-eabi/lib/armv7e-m/fpu/libg.a(lib_a-strlen.o)
                0x00000000080031e4                strlen
 .text._vfprintf_r
                0x0000000008003244     0x1544 /usr/lib/gcc/arm-none-eabi/4.8.2/../../../arm-none-eabi/lib/armv7e-m/fpu/libg.a(lib_a-vfprintf.o)
                0x0000000008003244                _vfprintf_r
 .text.__sbprintf
                0x0000000008004788       0x78 /usr/lib/gcc/arm-none-eabi/4.8.2/../../../arm-none-eabi/lib/armv7e-m/fpu/libg.a(lib_a-vfprintf.o)
 .text._write_r
                0x0000000008004800       0x2c /usr/lib/gcc/arm-none-eabi/4.8.2/../../../arm-none-eabi/lib/armv7e-m/fpu/libg.a(lib_a-writer.o)
                0x0000000008004800                _write_r
 .text.__swsetup_r
                0x000000000800482c       0xc8 /usr/lib/gcc/arm-none-eabi/4.8.2/../../../arm-none-eabi/lib/armv7e-m/fpu/libg.a(lib_a-wsetup.o)
                0x000000000800482c                __swsetup_r
 .text._close_r
                0x00000000080048f4       0x28 /usr/lib/gcc/arm-none-eabi/4.8.2/../../../arm-none-eabi/lib/armv7e-m/fpu/libg.a(lib_a-closer.o)
                0x00000000080048f4                _close_r
 .text.quorem   0x000000000800491c      0x12c /usr/lib/gcc/arm-none-eabi/4.8.2/../../../arm-none-eabi/lib/armv7e-m/fpu/libg.a(lib_a-dtoa.o)
 .text._dtoa_r  0x0000000008004a48      0xf50 /usr/lib/gcc/arm-none-eabi/4.8.2/../../../arm-none-eabi/lib/armv7e-m/fpu/libg.a(lib_a-dtoa.o)
                0x0000000008004a48                _dtoa_r
 .text._fclose_r
                0x0000000008005998       0x84 /usr/lib/gcc/arm-none-eabi/4.8.2/../../../arm-none-eabi/lib/armv7e-m/fpu/libg.a(lib_a-fclose.o)
                0x0000000008005998                _fclose_r
 .text.fclose   0x0000000008005a1c       0x10 /usr/lib/gcc/arm-none-eabi/4.8.2/../../../arm-none-eabi/lib/armv7e-m/fpu/libg.a(lib_a-fclose.o)
                0x0000000008005a1c                fclose
 .text.__sflush_r
                0x0000000008005a2c      0x15c /usr/lib/gcc/arm-none-eabi/4.8.2/../../../arm-none-eabi/lib/armv7e-m/fpu/libg.a(lib_a-fflush.o)
                0x0000000008005a2c                __sflush_r
 .text._fflush_r
                0x0000000008005b88       0x2c /usr/lib/gcc/arm-none-eabi/4.8.2/../../../arm-none-eabi/lib/armv7e-m/fpu/libg.a(lib_a-fflush.o)
                0x0000000008005b88                _fflush_r
 .text._malloc_trim_r
                0x0000000008005bb4       0xa4 /usr/lib/gcc/arm-none-eabi/4.8.2/../../../arm-none-eabi/lib/armv7e-m/fpu/libg.a(lib_a-freer.o)
                0x0000000008005bb4                _malloc_trim_r
 .text._free_r  0x0000000008005c58      0x19c /usr/lib/gcc/arm-none-eabi/4.8.2/../../../arm-none-eabi/lib/armv7e-m/fpu/libg.a(lib_a-freer.o)
                0x0000000008005c58                _free_r
 .text.__sfvwrite_r
                0x0000000008005df4      0x314 /usr/lib/gcc/arm-none-eabi/4.8.2/../../../arm-none-eabi/lib/armv7e-m/fpu/libg.a(lib_a-fvwrite.o)
                0x0000000008005df4                __sfvwrite_r
 .text.__locale_charset
                0x0000000008006108        0xc /usr/lib/gcc/arm-none-eabi/4.8.2/../../../arm-none-eabi/lib/armv7e-m/fpu/libg.a(lib_a-locale.o)
                0x0000000008006108                __locale_charset
 .text.__locale_mb_cur_max
                0x0000000008006114        0xc /usr/lib/gcc/arm-none-eabi/4.8.2/../../../arm-none-eabi/lib/armv7e-m/fpu/libg.a(lib_a-locale.o)
                0x0000000008006114                __locale_mb_cur_max
 .text._localeconv_r
                0x0000000008006120        0xc /usr/lib/gcc/arm-none-eabi/4.8.2/../../../arm-none-eabi/lib/armv7e-m/fpu/libg.a(lib_a-locale.o)
                0x0000000008006120                _localeconv_r
 .text._lseek_r
                0x000000000800612c       0x2c /usr/lib/gcc/arm-none-eabi/4.8.2/../../../arm-none-eabi/lib/armv7e-m/fpu/libg.a(lib_a-lseekr.o)
                0x000000000800612c                _lseek_r
 .text.__smakebuf_r
                0x0000000008006158       0xe4 /usr/lib/gcc/arm-none-eabi/4.8.2/../../../arm-none-eabi/lib/armv7e-m/fpu/libg.a(lib_a-makebuf.o)
                0x0000000008006158                __smakebuf_r
 .text.malloc   0x000000000800623c       0x10 /usr/lib/gcc/arm-none-eabi/4.8.2/../../../arm-none-eabi/lib/armv7e-m/fpu/libg.a(lib_a-malloc.o)
                0x000000000800623c                malloc
 .text.memchr   0x000000000800624c       0x90 /usr/lib/gcc/arm-none-eabi/4.8.2/../../../arm-none-eabi/lib/armv7e-m/fpu/libg.a(lib_a-memchr-stub.o)
                0x000000000800624c                memchr
 .text.memmove  0x00000000080062dc       0xc4 /usr/lib/gcc/arm-none-eabi/4.8.2/../../../arm-none-eabi/lib/armv7e-m/fpu/libg.a(lib_a-memmove.o)
                0x00000000080062dc                memmove
 .text._Balloc  0x00000000080063a0       0x4c /usr/lib/gcc/arm-none-eabi/4.8.2/../../../arm-none-eabi/lib/armv7e-m/fpu/libg.a(lib_a-mprec.o)
                0x00000000080063a0                _Balloc
 .text._Bfree   0x00000000080063ec       0x14 /usr/lib/gcc/arm-none-eabi/4.8.2/../../../arm-none-eabi/lib/armv7e-m/fpu/libg.a(lib_a-mprec.o)
                0x00000000080063ec                _Bfree
 .text.__multadd
                0x0000000008006400       0x98 /usr/lib/gcc/arm-none-eabi/4.8.2/../../../arm-none-eabi/lib/armv7e-m/fpu/libg.a(lib_a-mprec.o)
                0x0000000008006400                __multadd
 .text.__hi0bits
                0x0000000008006498       0x3c /usr/lib/gcc/arm-none-eabi/4.8.2/../../../arm-none-eabi/lib/armv7e-m/fpu/libg.a(lib_a-mprec.o)
                0x0000000008006498                __hi0bits
 .text.__lo0bits
                0x00000000080064d4       0x5c /usr/lib/gcc/arm-none-eabi/4.8.2/../../../arm-none-eabi/lib/armv7e-m/fpu/libg.a(lib_a-mprec.o)
                0x00000000080064d4                __lo0bits
 .text.__i2b    0x0000000008006530       0x14 /usr/lib/gcc/arm-none-eabi/4.8.2/../../../arm-none-eabi/lib/armv7e-m/fpu/libg.a(lib_a-mprec.o)
                0x0000000008006530                __i2b
 .text.__multiply
                0x0000000008006544      0x154 /usr/lib/gcc/arm-none-eabi/4.8.2/../../../arm-none-eabi/lib/armv7e-m/fpu/libg.a(lib_a-mprec.o)
                0x0000000008006544                __multiply
 .text.__pow5mult
                0x0000000008006698       0xa0 /usr/lib/gcc/arm-none-eabi/4.8.2/../../../arm-none-eabi/lib/armv7e-m/fpu/libg.a(lib_a-mprec.o)
                0x0000000008006698                __pow5mult
 .text.__lshift
                0x0000000008006738       0xbc /usr/lib/gcc/arm-none-eabi/4.8.2/../../../arm-none-eabi/lib/armv7e-m/fpu/libg.a(lib_a-mprec.o)
                0x0000000008006738                __lshift
 .text.__mcmp   0x00000000080067f4       0x44 /usr/lib/gcc/arm-none-eabi/4.8.2/../../../arm-none-eabi/lib/armv7e-m/fpu/libg.a(lib_a-mprec.o)
                0x00000000080067f4                __mcmp
 .text.__mdiff  0x0000000008006838       0xd4 /usr/lib/gcc/arm-none-eabi/4.8.2/../../../arm-none-eabi/lib/armv7e-m/fpu/libg.a(lib_a-mprec.o)
                0x0000000008006838                __mdiff
 .text.__d2b    0x000000000800690c       0xb4 /usr/lib/gcc/arm-none-eabi/4.8.2/../../../arm-none-eabi/lib/armv7e-m/fpu/libg.a(lib_a-mprec.o)
                0x000000000800690c                __d2b
 .text._read_r  0x00000000080069c0       0x2c /usr/lib/gcc/arm-none-eabi/4.8.2/../../../arm-none-eabi/lib/armv7e-m/fpu/libg.a(lib_a-readr.o)
                0x00000000080069c0                _read_r
 .text._realloc_r
                0x00000000080069ec      0x3e0 /usr/lib/gcc/arm-none-eabi/4.8.2/../../../arm-none-eabi/lib/armv7e-m/fpu/libg.a(lib_a-reallocr.o)
                0x00000000080069ec                _realloc_r
 .text.__fpclassifyd
                0x0000000008006dcc       0x54 /usr/lib/gcc/arm-none-eabi/4.8.2/../../../arm-none-eabi/lib/armv7e-m/fpu/libg.a(lib_a-s_fpclassify.o)
                0x0000000008006dcc                __fpclassifyd
 .text.__sprint_r.part.0
                0x0000000008006e20       0x7c /usr/lib/gcc/arm-none-eabi/4.8.2/../../../arm-none-eabi/lib/armv7e-m/fpu/libg.a(lib_a-vfiprintf.o)
 .text.__sprint_r
                0x0000000008006e9c       0x18 /usr/lib/gcc/arm-none-eabi/4.8.2/../../../arm-none-eabi/lib/armv7e-m/fpu/libg.a(lib_a-vfiprintf.o)
                0x0000000008006e9c                __sprint_r
 .text._calloc_r
                0x0000000008006eb4       0x60 /usr/lib/gcc/arm-none-eabi/4.8.2/../../../arm-none-eabi/lib/armv7e-m/fpu/libg.a(lib_a-callocr.o)
                0x0000000008006eb4                _calloc_r
 .text._fputwc_r
                0x0000000008006f14       0xc0 /usr/lib/gcc/arm-none-eabi/4.8.2/../../../arm-none-eabi/lib/armv7e-m/fpu/libg.a(lib_a-fputwc.o)
                0x0000000008006f14                _fputwc_r
 .text._fstat_r
                0x0000000008006fd4       0x28 /usr/lib/gcc/arm-none-eabi/4.8.2/../../../arm-none-eabi/lib/armv7e-m/fpu/libg.a(lib_a-fstatr.o)
                0x0000000008006fd4                _fstat_r
 .text._isatty_r
                0x0000000008006ffc       0x28 /usr/lib/gcc/arm-none-eabi/4.8.2/../../../arm-none-eabi/lib/armv7e-m/fpu/libg.a(lib_a-isattyr.o)
                0x0000000008006ffc                _isatty_r
 .text.__swbuf_r
                0x0000000008007024       0xa4 /usr/lib/gcc/arm-none-eabi/4.8.2/../../../arm-none-eabi/lib/armv7e-m/fpu/libg.a(lib_a-wbuf.o)
                0x0000000008007024                __swbuf_r
 .text._wcrtomb_r
                0x00000000080070c8       0x58 /usr/lib/gcc/arm-none-eabi/4.8.2/../../../arm-none-eabi/lib/armv7e-m/fpu/libg.a(lib_a-wcrtomb.o)
                0x00000000080070c8                _wcrtomb_r
 .text.__ascii_wctomb
                0x0000000008007120       0x1c /usr/lib/gcc/arm-none-eabi/4.8.2/../../../arm-none-eabi/lib/armv7e-m/fpu/libg.a(lib_a-wctomb_r.o)
                0x0000000008007120                __ascii_wctomb
 *(.glue_7)
 .glue_7        0x0000000000000000        0x0 linker stubs
 *(.glue_7t)
 .glue_7t       0x0000000000000000        0x0 linker stubs
 *(.eh_frame)
 .eh_frame      0x000000000800713c        0x0 /usr/lib/gcc/arm-none-eabi/4.8.2/armv7e-m/fpu/crtbegin.o
 *(.init)
 .init          0x000000000800713c        0x4 /usr/lib/gcc/arm-none-eabi/4.8.2/armv7e-m/fpu/crti.o
                0x000000000800713c                _init
 .init          0x0000000008007140        0x8 /usr/lib/gcc/arm-none-eabi/4.8.2/armv7e-m/fpu/crtn.o
 *(.fini)
 .fini          0x0000000008007148        0x4 /usr/lib/gcc/arm-none-eabi/4.8.2/armv7e-m/fpu/crti.o
                0x0000000008007148                _fini
 .fini          0x000000000800714c        0x8 /usr/lib/gcc/arm-none-eabi/4.8.2/armv7e-m/fpu/crtn.o
                0x0000000008007154                . = ALIGN (0x4)
                0x0000000008007154                _etext = .

.vfp11_veneer   0x0000000008007154        0x0
 .vfp11_veneer  0x0000000000000000        0x0 linker stubs

.v4_bx          0x0000000008007154        0x0
 .v4_bx         0x0000000000000000        0x0 linker stubs

.iplt           0x0000000008007154        0x0
 .iplt          0x0000000000000000        0x0 /usr/lib/gcc/arm-none-eabi/4.8.2/armv7e-m/fpu/crtbegin.o

.rodata         0x0000000008007158      0x224
                0x0000000008007158                . = ALIGN (0x4)
 *(.rodata)
 *(.rodata*)
 .rodata.str1.4
                0x0000000008007158        0x2 /usr/lib/gcc/arm-none-eabi/4.8.2/../../../arm-none-eabi/lib/armv7e-m/fpu/libc.a(lib_a-impure.o)
                                          0x4 (size before relaxing)
 *fill*         0x000000000800715a        0x2 
 .rodata._global_impure_ptr
                0x000000000800715c        0x4 /usr/lib/gcc/arm-none-eabi/4.8.2/../../../arm-none-eabi/lib/armv7e-m/fpu/libc.a(lib_a-impure.o)
                0x000000000800715c                _global_impure_ptr
 .rodata.str1.1
                0x0000000008007160       0x6c obj/main.o
 .rodata.aPredivFactorTable
                0x00000000080071cc       0x10 obj/stm32f3xx_hal_rcc.o
                0x00000000080071cc                aPredivFactorTable
 .rodata.aPLLMULFactorTable
                0x00000000080071dc       0x10 obj/stm32f3xx_hal_rcc.o
                0x00000000080071dc                aPLLMULFactorTable
 .rodata.aAPBAHBPrescTable
                0x00000000080071ec       0x10 obj/stm32f3xx_hal_rcc.o
                0x00000000080071ec                aAPBAHBPrescTable
 .rodata.str1.4
                0x00000000080071fc        0x2 /usr/lib/gcc/arm-none-eabi/4.8.2/../../../arm-none-eabi/lib/armv7e-m/fpu/libg.a(lib_a-puts.o)
                                          0x4 (size before relaxing)
 *fill*         0x00000000080071fe        0x2 
 .rodata.zeroes.6775
                0x0000000008007200       0x10 /usr/lib/gcc/arm-none-eabi/4.8.2/../../../arm-none-eabi/lib/armv7e-m/fpu/libg.a(lib_a-vfprintf.o)
 .rodata.str1.4
                0x0000000008007210       0x42 /usr/lib/gcc/arm-none-eabi/4.8.2/../../../arm-none-eabi/lib/armv7e-m/fpu/libg.a(lib_a-vfprintf.o)
                                         0x44 (size before relaxing)
 *fill*         0x0000000008007252        0x2 
 .rodata.blanks.6774
                0x0000000008007254       0x10 /usr/lib/gcc/arm-none-eabi/4.8.2/../../../arm-none-eabi/lib/armv7e-m/fpu/libg.a(lib_a-vfprintf.o)
 .rodata.str1.4
                0x0000000008007264       0x10 /usr/lib/gcc/arm-none-eabi/4.8.2/../../../arm-none-eabi/lib/armv7e-m/fpu/libg.a(lib_a-dtoa.o)
                                         0x14 (size before relaxing)
 .rodata.str1.4
                0x0000000008007274        0xc /usr/lib/gcc/arm-none-eabi/4.8.2/../../../arm-none-eabi/lib/armv7e-m/fpu/libg.a(lib_a-locale.o)
                                         0x14 (size before relaxing)
 .rodata.__mprec_tens
                0x0000000008007280       0xc8 /usr/lib/gcc/arm-none-eabi/4.8.2/../../../arm-none-eabi/lib/armv7e-m/fpu/libg.a(lib_a-mprec.o)
                0x0000000008007280                __mprec_tens
 .rodata.__mprec_bigtens
                0x0000000008007348       0x28 /usr/lib/gcc/arm-none-eabi/4.8.2/../../../arm-none-eabi/lib/armv7e-m/fpu/libg.a(lib_a-mprec.o)
                0x0000000008007348                __mprec_bigtens
 .rodata.p05.5266
                0x0000000008007370        0xc /usr/lib/gcc/arm-none-eabi/4.8.2/../../../arm-none-eabi/lib/armv7e-m/fpu/libg.a(lib_a-mprec.o)
                0x000000000800737c                . = ALIGN (0x4)

.ARM.extab
 *(.ARM.extab* .gnu.linkonce.armextab.*)

.ARM            0x000000000800737c        0x8
                0x000000000800737c                __exidx_start = .
 *(.ARM.exidx*)
 .ARM.exidx     0x000000000800737c        0x8 /usr/lib/gcc/arm-none-eabi/4.8.2/armv7e-m/fpu/libgcc.a(_divdi3.o)
 .ARM.exidx     0x0000000008007384        0x0 /usr/lib/gcc/arm-none-eabi/4.8.2/armv7e-m/fpu/libgcc.a(_udivdi3.o)
                                          0x8 (size before relaxing)
                0x0000000008007384                __exidx_end = .

.rel.dyn        0x0000000008007384        0x0
 .rel.iplt      0x0000000000000000        0x0 /usr/lib/gcc/arm-none-eabi/4.8.2/armv7e-m/fpu/crtbegin.o

.preinit_array  0x0000000008007384        0x0
                0x0000000008007384                PROVIDE (__preinit_array_start, .)
 *(.preinit_array*)
                0x0000000008007384                PROVIDE (__preinit_array_end, .)

.init_array     0x0000000008007384        0x8
                0x0000000008007384                PROVIDE (__init_array_start, .)
 *(SORT(.init_array.*))
 .init_array.00000
                0x0000000008007384        0x4 /usr/lib/gcc/arm-none-eabi/4.8.2/../../../arm-none-eabi/lib/armv7e-m/fpu/libc.a(lib_a-__call_atexit.o)
 *(.init_array*)
 .init_array    0x0000000008007388        0x4 /usr/lib/gcc/arm-none-eabi/4.8.2/armv7e-m/fpu/crtbegin.o
                0x000000000800738c                PROVIDE (__init_array_end, .)

.fini_array     0x000000000800738c        0x4
                0x000000000800738c                PROVIDE (__fini_array_start, .)
 *(SORT(.fini_array.*))
 *(.fini_array*)
 .fini_array    0x000000000800738c        0x4 /usr/lib/gcc/arm-none-eabi/4.8.2/armv7e-m/fpu/crtbegin.o
                0x0000000008007390                PROVIDE (__fini_array_end, .)
                0x0000000008007390                _sidata = LOADADDR (.data)

.data           0x0000000020000000      0x8a0 load address 0x0000000008007390
                0x0000000020000000                . = ALIGN (0x4)
                0x0000000020000000                _sdata = .
 *(.data)
 *(.data*)
 .data.impure_data
                0x0000000020000000      0x428 /usr/lib/gcc/arm-none-eabi/4.8.2/../../../arm-none-eabi/lib/armv7e-m/fpu/libc.a(lib_a-impure.o)
 .data._impure_ptr
                0x0000000020000428        0x4 /usr/lib/gcc/arm-none-eabi/4.8.2/../../../arm-none-eabi/lib/armv7e-m/fpu/libc.a(lib_a-impure.o)
                0x0000000020000428                _impure_ptr
 .data.SystemCoreClock
                0x000000002000042c        0x4 obj/system_stm32f3xx.o
                0x000000002000042c                SystemCoreClock
 .data.__malloc_av_
                0x0000000020000430      0x408 /usr/lib/gcc/arm-none-eabi/4.8.2/../../../arm-none-eabi/lib/armv7e-m/fpu/libg.a(lib_a-mallocr.o)
                0x0000000020000430                __malloc_av_
 .data.__malloc_trim_threshold
                0x0000000020000838        0x4 /usr/lib/gcc/arm-none-eabi/4.8.2/../../../arm-none-eabi/lib/armv7e-m/fpu/libg.a(lib_a-mallocr.o)
                0x0000000020000838                __malloc_trim_threshold
 .data.__malloc_sbrk_base
                0x000000002000083c        0x4 /usr/lib/gcc/arm-none-eabi/4.8.2/../../../arm-none-eabi/lib/armv7e-m/fpu/libg.a(lib_a-mallocr.o)
                0x000000002000083c                __malloc_sbrk_base
 .data.lconv    0x0000000020000840       0x38 /usr/lib/gcc/arm-none-eabi/4.8.2/../../../arm-none-eabi/lib/armv7e-m/fpu/libg.a(lib_a-locale.o)
 .data.lc_ctype_charset
                0x0000000020000878       0x20 /usr/lib/gcc/arm-none-eabi/4.8.2/../../../arm-none-eabi/lib/armv7e-m/fpu/libg.a(lib_a-locale.o)
 .data.__mb_cur_max
                0x0000000020000898        0x4 /usr/lib/gcc/arm-none-eabi/4.8.2/../../../arm-none-eabi/lib/armv7e-m/fpu/libg.a(lib_a-locale.o)
                0x0000000020000898                __mb_cur_max
 .data.__wctomb
                0x000000002000089c        0x4 /usr/lib/gcc/arm-none-eabi/4.8.2/../../../arm-none-eabi/lib/armv7e-m/fpu/libg.a(lib_a-wctomb_r.o)
                0x000000002000089c                __wctomb
                0x00000000200008a0                . = ALIGN (0x4)
                0x00000000200008a0                _edata = .
                0x0000000008007c30                _siccmram = LOADADDR (.ccmram)

.jcr            0x00000000200008a0        0x0 load address 0x0000000008007c30
 .jcr           0x00000000200008a0        0x0 /usr/lib/gcc/arm-none-eabi/4.8.2/armv7e-m/fpu/crtbegin.o

.tm_clone_table
                0x00000000200008a0        0x0 load address 0x0000000008007c30
 .tm_clone_table
                0x00000000200008a0        0x0 /usr/lib/gcc/arm-none-eabi/4.8.2/armv7e-m/fpu/crtbegin.o
 .tm_clone_table
                0x00000000200008a0        0x0 /usr/lib/gcc/arm-none-eabi/4.8.2/armv7e-m/fpu/crtend.o

.igot.plt       0x00000000200008a0        0x0 load address 0x0000000008007c30
 .igot.plt      0x0000000000000000        0x0 /usr/lib/gcc/arm-none-eabi/4.8.2/armv7e-m/fpu/crtbegin.o

.ccmram         0x0000000010000000        0x0 load address 0x0000000008007c30
                0x0000000010000000                . = ALIGN (0x4)
                0x0000000010000000                _sccmram = .
 *(.ccmram)
 *(.ccmram*)
                0x0000000010000000                . = ALIGN (0x4)
                0x0000000010000000                _eccmram = .
                0x0000000010000000                . = ALIGN (0x4)

.bss            0x00000000200008a0      0x138
                0x00000000200008a0                _sbss = .
                0x00000000200008a0                __bss_start__ = _sbss
 *(.bss)
 .bss           0x00000000200008a0       0x1c /usr/lib/gcc/arm-none-eabi/4.8.2/armv7e-m/fpu/crtbegin.o
 *(.bss*)
 .bss.heap_end.5771
                0x00000000200008bc        0x4 /usr/lib/gcc/arm-none-eabi/4.8.2/../../../arm-none-eabi/lib/armv7e-m/fpu/librdimon.a(rdimon-syscalls.o)
 .bss.openfiles
                0x00000000200008c0       0xa0 /usr/lib/gcc/arm-none-eabi/4.8.2/../../../arm-none-eabi/lib/armv7e-m/fpu/librdimon.a(rdimon-syscalls.o)
 .bss.I2cHandle.7523
                0x0000000020000960       0x3c obj/main.o
 .bss.uwTick    0x000000002000099c        0x4 obj/stm32f3xx_hal.o
 .bss.__malloc_max_total_mem
                0x00000000200009a0        0x4 /usr/lib/gcc/arm-none-eabi/4.8.2/../../../arm-none-eabi/lib/armv7e-m/fpu/libg.a(lib_a-mallocr.o)
                0x00000000200009a0                __malloc_max_total_mem
 .bss.__malloc_max_sbrked_mem
                0x00000000200009a4        0x4 /usr/lib/gcc/arm-none-eabi/4.8.2/../../../arm-none-eabi/lib/armv7e-m/fpu/libg.a(lib_a-mallocr.o)
                0x00000000200009a4                __malloc_max_sbrked_mem
 .bss.__malloc_top_pad
                0x00000000200009a8        0x4 /usr/lib/gcc/arm-none-eabi/4.8.2/../../../arm-none-eabi/lib/armv7e-m/fpu/libg.a(lib_a-mallocr.o)
                0x00000000200009a8                __malloc_top_pad
 .bss.__malloc_current_mallinfo
                0x00000000200009ac       0x28 /usr/lib/gcc/arm-none-eabi/4.8.2/../../../arm-none-eabi/lib/armv7e-m/fpu/libg.a(lib_a-mallocr.o)
                0x00000000200009ac                __malloc_current_mallinfo
 *(COMMON)
 COMMON         0x00000000200009d4        0x4 /usr/lib/gcc/arm-none-eabi/4.8.2/../../../arm-none-eabi/lib/armv7e-m/fpu/libg.a(lib_a-reent.o)
                0x00000000200009d4                errno
                0x00000000200009d8                . = ALIGN (0x4)
                0x00000000200009d8                _ebss = .
                0x00000000200009d8                __bss_end__ = _ebss

._user_heap_stack
                0x00000000200009d8      0x600
                0x00000000200009d8                . = ALIGN (0x4)
                0x00000000200009d8                PROVIDE (end, .)
                0x00000000200009d8                PROVIDE (_end, .)
                0x0000000020000bd8                . = (. + _Min_Heap_Size)
 *fill*         0x00000000200009d8      0x200 
                0x0000000020000fd8                . = (. + _Min_Stack_Size)
 *fill*         0x0000000020000bd8      0x400 
                0x0000000020000fd8                . = ALIGN (0x4)

/DISCARD/
 libc.a(*)
 libm.a(*)
 libgcc.a(*)

.ARM.attributes
                0x0000000000000000       0x30
 *(.ARM.attributes)
 .ARM.attributes
                0x0000000000000000       0x22 /usr/lib/gcc/arm-none-eabi/4.8.2/armv7e-m/fpu/crti.o
 .ARM.attributes
                0x0000000000000022       0x34 /usr/lib/gcc/arm-none-eabi/4.8.2/armv7e-m/fpu/crtbegin.o
 .ARM.attributes
                0x0000000000000056       0x34 /usr/lib/gcc/arm-none-eabi/4.8.2/../../../arm-none-eabi/lib/armv7e-m/fpu/libc.a(lib_a-atexit.o)
 .ARM.attributes
                0x000000000000008a       0x34 /usr/lib/gcc/arm-none-eabi/4.8.2/../../../arm-none-eabi/lib/armv7e-m/fpu/libc.a(lib_a-fini.o)
 .ARM.attributes
                0x00000000000000be       0x34 /usr/lib/gcc/arm-none-eabi/4.8.2/../../../arm-none-eabi/lib/armv7e-m/fpu/libc.a(lib_a-impure.o)
 .ARM.attributes
                0x00000000000000f2       0x34 /usr/lib/gcc/arm-none-eabi/4.8.2/../../../arm-none-eabi/lib/armv7e-m/fpu/libc.a(lib_a-init.o)
 .ARM.attributes
                0x0000000000000126       0x34 /usr/lib/gcc/arm-none-eabi/4.8.2/../../../arm-none-eabi/lib/armv7e-m/fpu/libc.a(lib_a-memset.o)
 .ARM.attributes
                0x000000000000015a       0x34 /usr/lib/gcc/arm-none-eabi/4.8.2/../../../arm-none-eabi/lib/armv7e-m/fpu/libc.a(lib_a-__atexit.o)
 .ARM.attributes
                0x000000000000018e       0x34 /usr/lib/gcc/arm-none-eabi/4.8.2/../../../arm-none-eabi/lib/armv7e-m/fpu/libc.a(lib_a-__call_atexit.o)
 .ARM.attributes
                0x00000000000001c2       0x34 /usr/lib/gcc/arm-none-eabi/4.8.2/../../../arm-none-eabi/lib/armv7e-m/fpu/librdimon.a(rdimon-syscalls.o)
 .ARM.attributes
                0x00000000000001f6       0x21 /tmp/ccDRrx2d.o
 .ARM.attributes
                0x0000000000000217       0x39 obj/main.o
 .ARM.attributes
                0x0000000000000250       0x39 obj/system_stm32f3xx.o
 .ARM.attributes
                0x0000000000000289       0x39 obj/stm32f3xx_hal_rcc.o
 .ARM.attributes
                0x00000000000002c2       0x39 obj/stm32f3xx_hal.o
 .ARM.attributes
                0x00000000000002fb       0x39 obj/stm32f3xx_hal_cortex.o
 .ARM.attributes
                0x0000000000000334       0x39 obj/stm32f3xx_hal_gpio.o
 .ARM.attributes
                0x000000000000036d       0x39 obj/stm32f3xx_hal_i2c.o
 .ARM.attributes
                0x00000000000003a6       0x34 /usr/lib/gcc/arm-none-eabi/4.8.2/../../../arm-none-eabi/lib/armv7e-m/fpu/libg.a(lib_a-errno.o)
 .ARM.attributes
                0x00000000000003da       0x34 /usr/lib/gcc/arm-none-eabi/4.8.2/../../../arm-none-eabi/lib/armv7e-m/fpu/libg.a(lib_a-findfp.o)
 .ARM.attributes
                0x000000000000040e       0x34 /usr/lib/gcc/arm-none-eabi/4.8.2/../../../arm-none-eabi/lib/armv7e-m/fpu/libg.a(lib_a-fwalk.o)
 .ARM.attributes
                0x0000000000000442       0x34 /usr/lib/gcc/arm-none-eabi/4.8.2/../../../arm-none-eabi/lib/armv7e-m/fpu/libg.a(lib_a-mallocr.o)
 .ARM.attributes
                0x0000000000000476       0x34 /usr/lib/gcc/arm-none-eabi/4.8.2/../../../arm-none-eabi/lib/armv7e-m/fpu/libg.a(lib_a-mlock.o)
 .ARM.attributes
                0x00000000000004aa       0x34 /usr/lib/gcc/arm-none-eabi/4.8.2/../../../arm-none-eabi/lib/armv7e-m/fpu/libg.a(lib_a-printf.o)
 .ARM.attributes
                0x00000000000004de       0x34 /usr/lib/gcc/arm-none-eabi/4.8.2/../../../arm-none-eabi/lib/armv7e-m/fpu/libg.a(lib_a-puts.o)
 .ARM.attributes
                0x0000000000000512       0x34 /usr/lib/gcc/arm-none-eabi/4.8.2/../../../arm-none-eabi/lib/armv7e-m/fpu/libg.a(lib_a-sbrkr.o)
 .ARM.attributes
                0x0000000000000546       0x34 /usr/lib/gcc/arm-none-eabi/4.8.2/../../../arm-none-eabi/lib/armv7e-m/fpu/libg.a(lib_a-setbuf.o)
 .ARM.attributes
                0x000000000000057a       0x34 /usr/lib/gcc/arm-none-eabi/4.8.2/../../../arm-none-eabi/lib/armv7e-m/fpu/libg.a(lib_a-setvbuf.o)
 .ARM.attributes
                0x00000000000005ae       0x34 /usr/lib/gcc/arm-none-eabi/4.8.2/../../../arm-none-eabi/lib/armv7e-m/fpu/libg.a(lib_a-stdio.o)
 .ARM.attributes
                0x00000000000005e2       0x34 /usr/lib/gcc/arm-none-eabi/4.8.2/../../../arm-none-eabi/lib/armv7e-m/fpu/libg.a(lib_a-strlen.o)
 .ARM.attributes
                0x0000000000000616       0x34 /usr/lib/gcc/arm-none-eabi/4.8.2/../../../arm-none-eabi/lib/armv7e-m/fpu/libg.a(lib_a-vfprintf.o)
 .ARM.attributes
                0x000000000000064a       0x34 /usr/lib/gcc/arm-none-eabi/4.8.2/../../../arm-none-eabi/lib/armv7e-m/fpu/libg.a(lib_a-writer.o)
 .ARM.attributes
                0x000000000000067e       0x34 /usr/lib/gcc/arm-none-eabi/4.8.2/../../../arm-none-eabi/lib/armv7e-m/fpu/libg.a(lib_a-wsetup.o)
 .ARM.attributes
                0x00000000000006b2       0x34 /usr/lib/gcc/arm-none-eabi/4.8.2/../../../arm-none-eabi/lib/armv7e-m/fpu/libg.a(lib_a-closer.o)
 .ARM.attributes
                0x00000000000006e6       0x34 /usr/lib/gcc/arm-none-eabi/4.8.2/../../../arm-none-eabi/lib/armv7e-m/fpu/libg.a(lib_a-dtoa.o)
 .ARM.attributes
                0x000000000000071a       0x34 /usr/lib/gcc/arm-none-eabi/4.8.2/../../../arm-none-eabi/lib/armv7e-m/fpu/libg.a(lib_a-fclose.o)
 .ARM.attributes
                0x000000000000074e       0x34 /usr/lib/gcc/arm-none-eabi/4.8.2/../../../arm-none-eabi/lib/armv7e-m/fpu/libg.a(lib_a-fflush.o)
 .ARM.attributes
                0x0000000000000782       0x34 /usr/lib/gcc/arm-none-eabi/4.8.2/../../../arm-none-eabi/lib/armv7e-m/fpu/libg.a(lib_a-freer.o)
 .ARM.attributes
                0x00000000000007b6       0x34 /usr/lib/gcc/arm-none-eabi/4.8.2/../../../arm-none-eabi/lib/armv7e-m/fpu/libg.a(lib_a-fvwrite.o)
 .ARM.attributes
                0x00000000000007ea       0x34 /usr/lib/gcc/arm-none-eabi/4.8.2/../../../arm-none-eabi/lib/armv7e-m/fpu/libg.a(lib_a-locale.o)
 .ARM.attributes
                0x000000000000081e       0x34 /usr/lib/gcc/arm-none-eabi/4.8.2/../../../arm-none-eabi/lib/armv7e-m/fpu/libg.a(lib_a-lseekr.o)
 .ARM.attributes
                0x0000000000000852       0x34 /usr/lib/gcc/arm-none-eabi/4.8.2/../../../arm-none-eabi/lib/armv7e-m/fpu/libg.a(lib_a-makebuf.o)
 .ARM.attributes
                0x0000000000000886       0x34 /usr/lib/gcc/arm-none-eabi/4.8.2/../../../arm-none-eabi/lib/armv7e-m/fpu/libg.a(lib_a-malloc.o)
 .ARM.attributes
                0x00000000000008ba       0x34 /usr/lib/gcc/arm-none-eabi/4.8.2/../../../arm-none-eabi/lib/armv7e-m/fpu/libg.a(lib_a-memchr-stub.o)
 .ARM.attributes
                0x00000000000008ee       0x20 /usr/lib/gcc/arm-none-eabi/4.8.2/../../../arm-none-eabi/lib/armv7e-m/fpu/libg.a(lib_a-memcpy.o)
 .ARM.attributes
                0x000000000000090e       0x34 /usr/lib/gcc/arm-none-eabi/4.8.2/../../../arm-none-eabi/lib/armv7e-m/fpu/libg.a(lib_a-memmove.o)
 .ARM.attributes
                0x0000000000000942       0x34 /usr/lib/gcc/arm-none-eabi/4.8.2/../../../arm-none-eabi/lib/armv7e-m/fpu/libg.a(lib_a-mprec.o)
 .ARM.attributes
                0x0000000000000976       0x34 /usr/lib/gcc/arm-none-eabi/4.8.2/../../../arm-none-eabi/lib/armv7e-m/fpu/libg.a(lib_a-readr.o)
 .ARM.attributes
                0x00000000000009aa       0x34 /usr/lib/gcc/arm-none-eabi/4.8.2/../../../arm-none-eabi/lib/armv7e-m/fpu/libg.a(lib_a-reallocr.o)
 .ARM.attributes
                0x00000000000009de       0x34 /usr/lib/gcc/arm-none-eabi/4.8.2/../../../arm-none-eabi/lib/armv7e-m/fpu/libg.a(lib_a-reent.o)
 .ARM.attributes
                0x0000000000000a12       0x34 /usr/lib/gcc/arm-none-eabi/4.8.2/../../../arm-none-eabi/lib/armv7e-m/fpu/libg.a(lib_a-s_fpclassify.o)
 .ARM.attributes
                0x0000000000000a46       0x34 /usr/lib/gcc/arm-none-eabi/4.8.2/../../../arm-none-eabi/lib/armv7e-m/fpu/libg.a(lib_a-vfiprintf.o)
 .ARM.attributes
                0x0000000000000a7a       0x34 /usr/lib/gcc/arm-none-eabi/4.8.2/../../../arm-none-eabi/lib/armv7e-m/fpu/libg.a(lib_a-callocr.o)
 .ARM.attributes
                0x0000000000000aae       0x34 /usr/lib/gcc/arm-none-eabi/4.8.2/../../../arm-none-eabi/lib/armv7e-m/fpu/libg.a(lib_a-fputwc.o)
 .ARM.attributes
                0x0000000000000ae2       0x34 /usr/lib/gcc/arm-none-eabi/4.8.2/../../../arm-none-eabi/lib/armv7e-m/fpu/libg.a(lib_a-fstatr.o)
 .ARM.attributes
                0x0000000000000b16       0x34 /usr/lib/gcc/arm-none-eabi/4.8.2/../../../arm-none-eabi/lib/armv7e-m/fpu/libg.a(lib_a-isattyr.o)
 .ARM.attributes
                0x0000000000000b4a       0x34 /usr/lib/gcc/arm-none-eabi/4.8.2/../../../arm-none-eabi/lib/armv7e-m/fpu/libg.a(lib_a-wbuf.o)
 .ARM.attributes
                0x0000000000000b7e       0x34 /usr/lib/gcc/arm-none-eabi/4.8.2/../../../arm-none-eabi/lib/armv7e-m/fpu/libg.a(lib_a-wcrtomb.o)
 .ARM.attributes
                0x0000000000000bb2       0x34 /usr/lib/gcc/arm-none-eabi/4.8.2/../../../arm-none-eabi/lib/armv7e-m/fpu/libg.a(lib_a-wctomb_r.o)
 .ARM.attributes
                0x0000000000000be6       0x22 /usr/lib/gcc/arm-none-eabi/4.8.2/armv7e-m/fpu/libgcc.a(_arm_addsubdf3.o)
 .ARM.attributes
                0x0000000000000c08       0x22 /usr/lib/gcc/arm-none-eabi/4.8.2/armv7e-m/fpu/libgcc.a(_arm_muldivdf3.o)
 .ARM.attributes
                0x0000000000000c2a       0x22 /usr/lib/gcc/arm-none-eabi/4.8.2/armv7e-m/fpu/libgcc.a(_arm_cmpdf2.o)
 .ARM.attributes
                0x0000000000000c4c       0x22 /usr/lib/gcc/arm-none-eabi/4.8.2/armv7e-m/fpu/libgcc.a(_arm_fixdfsi.o)
 .ARM.attributes
                0x0000000000000c6e       0x22 /usr/lib/gcc/arm-none-eabi/4.8.2/armv7e-m/fpu/libgcc.a(_aeabi_uldivmod.o)
 .ARM.attributes
                0x0000000000000c90       0x34 /usr/lib/gcc/arm-none-eabi/4.8.2/armv7e-m/fpu/libgcc.a(bpabi.o)
 .ARM.attributes
                0x0000000000000cc4       0x22 /usr/lib/gcc/arm-none-eabi/4.8.2/armv7e-m/fpu/libgcc.a(_dvmd_tls.o)
 .ARM.attributes
                0x0000000000000ce6       0x34 /usr/lib/gcc/arm-none-eabi/4.8.2/armv7e-m/fpu/libgcc.a(_divdi3.o)
 .ARM.attributes
                0x0000000000000d1a       0x34 /usr/lib/gcc/arm-none-eabi/4.8.2/armv7e-m/fpu/libgcc.a(_udivdi3.o)
 .ARM.attributes
                0x0000000000000d4e       0x34 /usr/lib/gcc/arm-none-eabi/4.8.2/armv7e-m/fpu/crtend.o
 .ARM.attributes
                0x0000000000000d82       0x22 /usr/lib/gcc/arm-none-eabi/4.8.2/armv7e-m/fpu/crtn.o
OUTPUT(demo.elf elf32-littlearm)

.comment        0x0000000000000000       0x1f
 .comment       0x0000000000000000       0x1f /usr/lib/gcc/arm-none-eabi/4.8.2/armv7e-m/fpu/crtbegin.o
                                         0x20 (size before relaxing)
 .comment       0x0000000000000000       0x20 /usr/lib/gcc/arm-none-eabi/4.8.2/../../../arm-none-eabi/lib/armv7e-m/fpu/libc.a(lib_a-atexit.o)
 .comment       0x0000000000000000       0x20 /usr/lib/gcc/arm-none-eabi/4.8.2/../../../arm-none-eabi/lib/armv7e-m/fpu/libc.a(lib_a-fini.o)
 .comment       0x0000000000000000       0x20 /usr/lib/gcc/arm-none-eabi/4.8.2/../../../arm-none-eabi/lib/armv7e-m/fpu/libc.a(lib_a-impure.o)
 .comment       0x0000000000000000       0x20 /usr/lib/gcc/arm-none-eabi/4.8.2/../../../arm-none-eabi/lib/armv7e-m/fpu/libc.a(lib_a-init.o)
 .comment       0x0000000000000000       0x20 /usr/lib/gcc/arm-none-eabi/4.8.2/../../../arm-none-eabi/lib/armv7e-m/fpu/libc.a(lib_a-memset.o)
 .comment       0x0000000000000000       0x20 /usr/lib/gcc/arm-none-eabi/4.8.2/../../../arm-none-eabi/lib/armv7e-m/fpu/libc.a(lib_a-__atexit.o)
 .comment       0x0000000000000000       0x20 /usr/lib/gcc/arm-none-eabi/4.8.2/../../../arm-none-eabi/lib/armv7e-m/fpu/libc.a(lib_a-__call_atexit.o)
 .comment       0x0000000000000000       0x20 /usr/lib/gcc/arm-none-eabi/4.8.2/../../../arm-none-eabi/lib/armv7e-m/fpu/librdimon.a(rdimon-syscalls.o)
 .comment       0x0000000000000000       0x20 obj/main.o
 .comment       0x0000000000000000       0x20 obj/system_stm32f3xx.o
 .comment       0x0000000000000000       0x20 obj/stm32f3xx_hal_rcc.o
 .comment       0x0000000000000000       0x20 obj/stm32f3xx_hal.o
 .comment       0x0000000000000000       0x20 obj/stm32f3xx_hal_cortex.o
 .comment       0x0000000000000000       0x20 obj/stm32f3xx_hal_gpio.o
 .comment       0x0000000000000000       0x20 obj/stm32f3xx_hal_i2c.o
 .comment       0x0000000000000000       0x20 /usr/lib/gcc/arm-none-eabi/4.8.2/../../../arm-none-eabi/lib/armv7e-m/fpu/libg.a(lib_a-errno.o)
 .comment       0x0000000000000000       0x20 /usr/lib/gcc/arm-none-eabi/4.8.2/../../../arm-none-eabi/lib/armv7e-m/fpu/libg.a(lib_a-findfp.o)
 .comment       0x0000000000000000       0x20 /usr/lib/gcc/arm-none-eabi/4.8.2/../../../arm-none-eabi/lib/armv7e-m/fpu/libg.a(lib_a-fwalk.o)
 .comment       0x0000000000000000       0x20 /usr/lib/gcc/arm-none-eabi/4.8.2/../../../arm-none-eabi/lib/armv7e-m/fpu/libg.a(lib_a-mallocr.o)
 .comment       0x0000000000000000       0x20 /usr/lib/gcc/arm-none-eabi/4.8.2/../../../arm-none-eabi/lib/armv7e-m/fpu/libg.a(lib_a-mlock.o)
 .comment       0x0000000000000000       0x20 /usr/lib/gcc/arm-none-eabi/4.8.2/../../../arm-none-eabi/lib/armv7e-m/fpu/libg.a(lib_a-printf.o)
 .comment       0x0000000000000000       0x20 /usr/lib/gcc/arm-none-eabi/4.8.2/../../../arm-none-eabi/lib/armv7e-m/fpu/libg.a(lib_a-puts.o)
 .comment       0x0000000000000000       0x20 /usr/lib/gcc/arm-none-eabi/4.8.2/../../../arm-none-eabi/lib/armv7e-m/fpu/libg.a(lib_a-sbrkr.o)
 .comment       0x0000000000000000       0x20 /usr/lib/gcc/arm-none-eabi/4.8.2/../../../arm-none-eabi/lib/armv7e-m/fpu/libg.a(lib_a-setbuf.o)
 .comment       0x0000000000000000       0x20 /usr/lib/gcc/arm-none-eabi/4.8.2/../../../arm-none-eabi/lib/armv7e-m/fpu/libg.a(lib_a-setvbuf.o)
 .comment       0x0000000000000000       0x20 /usr/lib/gcc/arm-none-eabi/4.8.2/../../../arm-none-eabi/lib/armv7e-m/fpu/libg.a(lib_a-stdio.o)
 .comment       0x0000000000000000       0x20 /usr/lib/gcc/arm-none-eabi/4.8.2/../../../arm-none-eabi/lib/armv7e-m/fpu/libg.a(lib_a-strlen.o)
 .comment       0x0000000000000000       0x20 /usr/lib/gcc/arm-none-eabi/4.8.2/../../../arm-none-eabi/lib/armv7e-m/fpu/libg.a(lib_a-vfprintf.o)
 .comment       0x0000000000000000       0x20 /usr/lib/gcc/arm-none-eabi/4.8.2/../../../arm-none-eabi/lib/armv7e-m/fpu/libg.a(lib_a-writer.o)
 .comment       0x0000000000000000       0x20 /usr/lib/gcc/arm-none-eabi/4.8.2/../../../arm-none-eabi/lib/armv7e-m/fpu/libg.a(lib_a-wsetup.o)
 .comment       0x0000000000000000       0x20 /usr/lib/gcc/arm-none-eabi/4.8.2/../../../arm-none-eabi/lib/armv7e-m/fpu/libg.a(lib_a-closer.o)
 .comment       0x0000000000000000       0x20 /usr/lib/gcc/arm-none-eabi/4.8.2/../../../arm-none-eabi/lib/armv7e-m/fpu/libg.a(lib_a-dtoa.o)
 .comment       0x0000000000000000       0x20 /usr/lib/gcc/arm-none-eabi/4.8.2/../../../arm-none-eabi/lib/armv7e-m/fpu/libg.a(lib_a-fclose.o)
 .comment       0x0000000000000000       0x20 /usr/lib/gcc/arm-none-eabi/4.8.2/../../../arm-none-eabi/lib/armv7e-m/fpu/libg.a(lib_a-fflush.o)
 .comment       0x0000000000000000       0x20 /usr/lib/gcc/arm-none-eabi/4.8.2/../../../arm-none-eabi/lib/armv7e-m/fpu/libg.a(lib_a-freer.o)
 .comment       0x0000000000000000       0x20 /usr/lib/gcc/arm-none-eabi/4.8.2/../../../arm-none-eabi/lib/armv7e-m/fpu/libg.a(lib_a-fvwrite.o)
 .comment       0x0000000000000000       0x20 /usr/lib/gcc/arm-none-eabi/4.8.2/../../../arm-none-eabi/lib/armv7e-m/fpu/libg.a(lib_a-locale.o)
 .comment       0x0000000000000000       0x20 /usr/lib/gcc/arm-none-eabi/4.8.2/../../../arm-none-eabi/lib/armv7e-m/fpu/libg.a(lib_a-lseekr.o)
 .comment       0x0000000000000000       0x20 /usr/lib/gcc/arm-none-eabi/4.8.2/../../../arm-none-eabi/lib/armv7e-m/fpu/libg.a(lib_a-makebuf.o)
 .comment       0x0000000000000000       0x20 /usr/lib/gcc/arm-none-eabi/4.8.2/../../../arm-none-eabi/lib/armv7e-m/fpu/libg.a(lib_a-malloc.o)
 .comment       0x0000000000000000       0x20 /usr/lib/gcc/arm-none-eabi/4.8.2/../../../arm-none-eabi/lib/armv7e-m/fpu/libg.a(lib_a-memchr-stub.o)
 .comment       0x0000000000000000       0x20 /usr/lib/gcc/arm-none-eabi/4.8.2/../../../arm-none-eabi/lib/armv7e-m/fpu/libg.a(lib_a-memmove.o)
 .comment       0x0000000000000000       0x20 /usr/lib/gcc/arm-none-eabi/4.8.2/../../../arm-none-eabi/lib/armv7e-m/fpu/libg.a(lib_a-mprec.o)
 .comment       0x0000000000000000       0x20 /usr/lib/gcc/arm-none-eabi/4.8.2/../../../arm-none-eabi/lib/armv7e-m/fpu/libg.a(lib_a-readr.o)
 .comment       0x0000000000000000       0x20 /usr/lib/gcc/arm-none-eabi/4.8.2/../../../arm-none-eabi/lib/armv7e-m/fpu/libg.a(lib_a-reallocr.o)
 .comment       0x0000000000000000       0x20 /usr/lib/gcc/arm-none-eabi/4.8.2/../../../arm-none-eabi/lib/armv7e-m/fpu/libg.a(lib_a-reent.o)
 .comment       0x0000000000000000       0x20 /usr/lib/gcc/arm-none-eabi/4.8.2/../../../arm-none-eabi/lib/armv7e-m/fpu/libg.a(lib_a-s_fpclassify.o)
 .comment       0x0000000000000000       0x20 /usr/lib/gcc/arm-none-eabi/4.8.2/../../../arm-none-eabi/lib/armv7e-m/fpu/libg.a(lib_a-vfiprintf.o)
 .comment       0x0000000000000000       0x20 /usr/lib/gcc/arm-none-eabi/4.8.2/../../../arm-none-eabi/lib/armv7e-m/fpu/libg.a(lib_a-callocr.o)
 .comment       0x0000000000000000       0x20 /usr/lib/gcc/arm-none-eabi/4.8.2/../../../arm-none-eabi/lib/armv7e-m/fpu/libg.a(lib_a-fputwc.o)
 .comment       0x0000000000000000       0x20 /usr/lib/gcc/arm-none-eabi/4.8.2/../../../arm-none-eabi/lib/armv7e-m/fpu/libg.a(lib_a-fstatr.o)
 .comment       0x0000000000000000       0x20 /usr/lib/gcc/arm-none-eabi/4.8.2/../../../arm-none-eabi/lib/armv7e-m/fpu/libg.a(lib_a-isattyr.o)
 .comment       0x0000000000000000       0x20 /usr/lib/gcc/arm-none-eabi/4.8.2/../../../arm-none-eabi/lib/armv7e-m/fpu/libg.a(lib_a-wbuf.o)
 .comment       0x0000000000000000       0x20 /usr/lib/gcc/arm-none-eabi/4.8.2/../../../arm-none-eabi/lib/armv7e-m/fpu/libg.a(lib_a-wcrtomb.o)
 .comment       0x0000000000000000       0x20 /usr/lib/gcc/arm-none-eabi/4.8.2/../../../arm-none-eabi/lib/armv7e-m/fpu/libg.a(lib_a-wctomb_r.o)
 .comment       0x0000000000000000       0x20 /usr/lib/gcc/arm-none-eabi/4.8.2/armv7e-m/fpu/libgcc.a(bpabi.o)
 .comment       0x0000000000000000       0x20 /usr/lib/gcc/arm-none-eabi/4.8.2/armv7e-m/fpu/libgcc.a(_divdi3.o)
 .comment       0x0000000000000000       0x20 /usr/lib/gcc/arm-none-eabi/4.8.2/armv7e-m/fpu/libgcc.a(_udivdi3.o)
 .comment       0x0000000000000000       0x20 /usr/lib/gcc/arm-none-eabi/4.8.2/armv7e-m/fpu/crtend.o

.debug_info     0x0000000000000000    0x260b4
 .debug_info    0x0000000000000000      0x10a /usr/lib/gcc/arm-none-eabi/4.8.2/../../../arm-none-eabi/lib/armv7e-m/fpu/libc.a(lib_a-atexit.o)
 .debug_info    0x000000000000010a       0xef /usr/lib/gcc/arm-none-eabi/4.8.2/../../../arm-none-eabi/lib/armv7e-m/fpu/libc.a(lib_a-fini.o)
 .debug_info    0x00000000000001f9      0x894 /usr/lib/gcc/arm-none-eabi/4.8.2/../../../arm-none-eabi/lib/armv7e-m/fpu/libc.a(lib_a-impure.o)
 .debug_info    0x0000000000000a8d      0x105 /usr/lib/gcc/arm-none-eabi/4.8.2/../../../arm-none-eabi/lib/armv7e-m/fpu/libc.a(lib_a-init.o)
 .debug_info    0x0000000000000b92      0x117 /usr/lib/gcc/arm-none-eabi/4.8.2/../../../arm-none-eabi/lib/armv7e-m/fpu/libc.a(lib_a-memset.o)
 .debug_info    0x0000000000000ca9      0x934 /usr/lib/gcc/arm-none-eabi/4.8.2/../../../arm-none-eabi/lib/armv7e-m/fpu/libc.a(lib_a-__atexit.o)
 .debug_info    0x00000000000015dd      0x9aa /usr/lib/gcc/arm-none-eabi/4.8.2/../../../arm-none-eabi/lib/armv7e-m/fpu/libc.a(lib_a-__call_atexit.o)
 .debug_info    0x0000000000001f87     0x1e25 /usr/lib/gcc/arm-none-eabi/4.8.2/../../../arm-none-eabi/lib/armv7e-m/fpu/librdimon.a(rdimon-syscalls.o)
 .debug_info    0x0000000000003dac       0x59 /tmp/ccDRrx2d.o
 .debug_info    0x0000000000003e05     0x1532 obj/main.o
 .debug_info    0x0000000000005337      0x3b9 obj/system_stm32f3xx.o
 .debug_info    0x00000000000056f0     0x164f obj/stm32f3xx_hal_rcc.o
 .debug_info    0x0000000000006d3f      0x71f obj/stm32f3xx_hal.o
 .debug_info    0x000000000000745e      0xe12 obj/stm32f3xx_hal_cortex.o
 .debug_info    0x0000000000008270      0x65e obj/stm32f3xx_hal_gpio.o
 .debug_info    0x00000000000088ce     0x2374 obj/stm32f3xx_hal_i2c.o
 .debug_info    0x000000000000ac42      0x889 /usr/lib/gcc/arm-none-eabi/4.8.2/../../../arm-none-eabi/lib/armv7e-m/fpu/libg.a(lib_a-errno.o)
 .debug_info    0x000000000000b4cb      0xd35 /usr/lib/gcc/arm-none-eabi/4.8.2/../../../arm-none-eabi/lib/armv7e-m/fpu/libg.a(lib_a-findfp.o)
 .debug_info    0x000000000000c200      0x99c /usr/lib/gcc/arm-none-eabi/4.8.2/../../../arm-none-eabi/lib/armv7e-m/fpu/libg.a(lib_a-fwalk.o)
 .debug_info    0x000000000000cb9c      0xd7b /usr/lib/gcc/arm-none-eabi/4.8.2/../../../arm-none-eabi/lib/armv7e-m/fpu/libg.a(lib_a-mallocr.o)
 .debug_info    0x000000000000d917      0x8b4 /usr/lib/gcc/arm-none-eabi/4.8.2/../../../arm-none-eabi/lib/armv7e-m/fpu/libg.a(lib_a-mlock.o)
 .debug_info    0x000000000000e1cb      0x9ab /usr/lib/gcc/arm-none-eabi/4.8.2/../../../arm-none-eabi/lib/armv7e-m/fpu/libg.a(lib_a-printf.o)
 .debug_info    0x000000000000eb76      0xa16 /usr/lib/gcc/arm-none-eabi/4.8.2/../../../arm-none-eabi/lib/armv7e-m/fpu/libg.a(lib_a-puts.o)
 .debug_info    0x000000000000f58c      0x8f4 /usr/lib/gcc/arm-none-eabi/4.8.2/../../../arm-none-eabi/lib/armv7e-m/fpu/libg.a(lib_a-sbrkr.o)
 .debug_info    0x000000000000fe80      0x900 /usr/lib/gcc/arm-none-eabi/4.8.2/../../../arm-none-eabi/lib/armv7e-m/fpu/libg.a(lib_a-setbuf.o)
 .debug_info    0x0000000000010780      0x9d3 /usr/lib/gcc/arm-none-eabi/4.8.2/../../../arm-none-eabi/lib/armv7e-m/fpu/libg.a(lib_a-setvbuf.o)
 .debug_info    0x0000000000011153      0xb8a /usr/lib/gcc/arm-none-eabi/4.8.2/../../../arm-none-eabi/lib/armv7e-m/fpu/libg.a(lib_a-stdio.o)
 .debug_info    0x0000000000011cdd       0xb5 /usr/lib/gcc/arm-none-eabi/4.8.2/../../../arm-none-eabi/lib/armv7e-m/fpu/libg.a(lib_a-strlen.o)
 .debug_info    0x0000000000011d92     0x1854 /usr/lib/gcc/arm-none-eabi/4.8.2/../../../arm-none-eabi/lib/armv7e-m/fpu/libg.a(lib_a-vfprintf.o)
 .debug_info    0x00000000000135e6      0x929 /usr/lib/gcc/arm-none-eabi/4.8.2/../../../arm-none-eabi/lib/armv7e-m/fpu/libg.a(lib_a-writer.o)
 .debug_info    0x0000000000013f0f      0x93b /usr/lib/gcc/arm-none-eabi/4.8.2/../../../arm-none-eabi/lib/armv7e-m/fpu/libg.a(lib_a-wsetup.o)
 .debug_info    0x000000000001484a      0x8e0 /usr/lib/gcc/arm-none-eabi/4.8.2/../../../arm-none-eabi/lib/armv7e-m/fpu/libg.a(lib_a-closer.o)
 .debug_info    0x000000000001512a     0x132d /usr/lib/gcc/arm-none-eabi/4.8.2/../../../arm-none-eabi/lib/armv7e-m/fpu/libg.a(lib_a-dtoa.o)
 .debug_info    0x0000000000016457      0x9e5 /usr/lib/gcc/arm-none-eabi/4.8.2/../../../arm-none-eabi/lib/armv7e-m/fpu/libg.a(lib_a-fclose.o)
 .debug_info    0x0000000000016e3c      0xaba /usr/lib/gcc/arm-none-eabi/4.8.2/../../../arm-none-eabi/lib/armv7e-m/fpu/libg.a(lib_a-fflush.o)
 .debug_info    0x00000000000178f6      0xc1c /usr/lib/gcc/arm-none-eabi/4.8.2/../../../arm-none-eabi/lib/armv7e-m/fpu/libg.a(lib_a-freer.o)
 .debug_info    0x0000000000018512      0xc53 /usr/lib/gcc/arm-none-eabi/4.8.2/../../../arm-none-eabi/lib/armv7e-m/fpu/libg.a(lib_a-fvwrite.o)
 .debug_info    0x0000000000019165      0xbe5 /usr/lib/gcc/arm-none-eabi/4.8.2/../../../arm-none-eabi/lib/armv7e-m/fpu/libg.a(lib_a-locale.o)
 .debug_info    0x0000000000019d4a      0x90c /usr/lib/gcc/arm-none-eabi/4.8.2/../../../arm-none-eabi/lib/armv7e-m/fpu/libg.a(lib_a-lseekr.o)
 .debug_info    0x000000000001a656      0xae6 /usr/lib/gcc/arm-none-eabi/4.8.2/../../../arm-none-eabi/lib/armv7e-m/fpu/libg.a(lib_a-makebuf.o)
 .debug_info    0x000000000001b13c      0x915 /usr/lib/gcc/arm-none-eabi/4.8.2/../../../arm-none-eabi/lib/armv7e-m/fpu/libg.a(lib_a-malloc.o)
 .debug_info    0x000000000001ba51      0x129 /usr/lib/gcc/arm-none-eabi/4.8.2/../../../arm-none-eabi/lib/armv7e-m/fpu/libg.a(lib_a-memchr-stub.o)
 .debug_info    0x000000000001bb7a       0xba /usr/lib/gcc/arm-none-eabi/4.8.2/../../../arm-none-eabi/lib/armv7e-m/fpu/libg.a(lib_a-memcpy.o)
 .debug_info    0x000000000001bc34      0x131 /usr/lib/gcc/arm-none-eabi/4.8.2/../../../arm-none-eabi/lib/armv7e-m/fpu/libg.a(lib_a-memmove.o)
 .debug_info    0x000000000001bd65     0x167f /usr/lib/gcc/arm-none-eabi/4.8.2/../../../arm-none-eabi/lib/armv7e-m/fpu/libg.a(lib_a-mprec.o)
 .debug_info    0x000000000001d3e4      0x922 /usr/lib/gcc/arm-none-eabi/4.8.2/../../../arm-none-eabi/lib/armv7e-m/fpu/libg.a(lib_a-readr.o)
 .debug_info    0x000000000001dd06      0xcca /usr/lib/gcc/arm-none-eabi/4.8.2/../../../arm-none-eabi/lib/armv7e-m/fpu/libg.a(lib_a-reallocr.o)
 .debug_info    0x000000000001e9d0      0x9fb /usr/lib/gcc/arm-none-eabi/4.8.2/../../../arm-none-eabi/lib/armv7e-m/fpu/libg.a(lib_a-reent.o)
 .debug_info    0x000000000001f3cb      0x14b /usr/lib/gcc/arm-none-eabi/4.8.2/../../../arm-none-eabi/lib/armv7e-m/fpu/libg.a(lib_a-s_fpclassify.o)
 .debug_info    0x000000000001f516     0x153c /usr/lib/gcc/arm-none-eabi/4.8.2/../../../arm-none-eabi/lib/armv7e-m/fpu/libg.a(lib_a-vfiprintf.o)
 .debug_info    0x0000000000020a52      0x9e0 /usr/lib/gcc/arm-none-eabi/4.8.2/../../../arm-none-eabi/lib/armv7e-m/fpu/libg.a(lib_a-callocr.o)
 .debug_info    0x0000000000021432      0xac7 /usr/lib/gcc/arm-none-eabi/4.8.2/../../../arm-none-eabi/lib/armv7e-m/fpu/libg.a(lib_a-fputwc.o)
 .debug_info    0x0000000000021ef9      0xa5e /usr/lib/gcc/arm-none-eabi/4.8.2/../../../arm-none-eabi/lib/armv7e-m/fpu/libg.a(lib_a-fstatr.o)
 .debug_info    0x0000000000022957      0x8e0 /usr/lib/gcc/arm-none-eabi/4.8.2/../../../arm-none-eabi/lib/armv7e-m/fpu/libg.a(lib_a-isattyr.o)
 .debug_info    0x0000000000023237      0x9cc /usr/lib/gcc/arm-none-eabi/4.8.2/../../../arm-none-eabi/lib/armv7e-m/fpu/libg.a(lib_a-wbuf.o)
 .debug_info    0x0000000000023c03      0xa75 /usr/lib/gcc/arm-none-eabi/4.8.2/../../../arm-none-eabi/lib/armv7e-m/fpu/libg.a(lib_a-wcrtomb.o)
 .debug_info    0x0000000000024678      0x9b5 /usr/lib/gcc/arm-none-eabi/4.8.2/../../../arm-none-eabi/lib/armv7e-m/fpu/libg.a(lib_a-wctomb_r.o)
 .debug_info    0x000000000002502d       0xa8 /usr/lib/gcc/arm-none-eabi/4.8.2/armv7e-m/fpu/libgcc.a(_arm_addsubdf3.o)
 .debug_info    0x00000000000250d5       0xa8 /usr/lib/gcc/arm-none-eabi/4.8.2/armv7e-m/fpu/libgcc.a(_arm_muldivdf3.o)
 .debug_info    0x000000000002517d       0xa8 /usr/lib/gcc/arm-none-eabi/4.8.2/armv7e-m/fpu/libgcc.a(_arm_cmpdf2.o)
 .debug_info    0x0000000000025225       0xa8 /usr/lib/gcc/arm-none-eabi/4.8.2/armv7e-m/fpu/libgcc.a(_arm_fixdfsi.o)
 .debug_info    0x00000000000252cd       0xa3 /usr/lib/gcc/arm-none-eabi/4.8.2/armv7e-m/fpu/libgcc.a(_aeabi_uldivmod.o)
 .debug_info    0x0000000000025370      0x164 /usr/lib/gcc/arm-none-eabi/4.8.2/armv7e-m/fpu/libgcc.a(bpabi.o)
 .debug_info    0x00000000000254d4       0xa7 /usr/lib/gcc/arm-none-eabi/4.8.2/armv7e-m/fpu/libgcc.a(_dvmd_tls.o)
 .debug_info    0x000000000002557b      0x5bd /usr/lib/gcc/arm-none-eabi/4.8.2/armv7e-m/fpu/libgcc.a(_divdi3.o)
 .debug_info    0x0000000000025b38      0x57c /usr/lib/gcc/arm-none-eabi/4.8.2/armv7e-m/fpu/libgcc.a(_udivdi3.o)

.debug_abbrev   0x0000000000000000     0x7860
 .debug_abbrev  0x0000000000000000       0xb8 /usr/lib/gcc/arm-none-eabi/4.8.2/../../../arm-none-eabi/lib/armv7e-m/fpu/libc.a(lib_a-atexit.o)
 .debug_abbrev  0x00000000000000b8       0xbd /usr/lib/gcc/arm-none-eabi/4.8.2/../../../arm-none-eabi/lib/armv7e-m/fpu/libc.a(lib_a-fini.o)
 .debug_abbrev  0x0000000000000175      0x180 /usr/lib/gcc/arm-none-eabi/4.8.2/../../../arm-none-eabi/lib/armv7e-m/fpu/libc.a(lib_a-impure.o)
 .debug_abbrev  0x00000000000002f5       0xba /usr/lib/gcc/arm-none-eabi/4.8.2/../../../arm-none-eabi/lib/armv7e-m/fpu/libc.a(lib_a-init.o)
 .debug_abbrev  0x00000000000003af       0x9f /usr/lib/gcc/arm-none-eabi/4.8.2/../../../arm-none-eabi/lib/armv7e-m/fpu/libc.a(lib_a-memset.o)
 .debug_abbrev  0x000000000000044e      0x20f /usr/lib/gcc/arm-none-eabi/4.8.2/../../../arm-none-eabi/lib/armv7e-m/fpu/libc.a(lib_a-__atexit.o)
 .debug_abbrev  0x000000000000065d      0x285 /usr/lib/gcc/arm-none-eabi/4.8.2/../../../arm-none-eabi/lib/armv7e-m/fpu/libc.a(lib_a-__call_atexit.o)
 .debug_abbrev  0x00000000000008e2      0x4b7 /usr/lib/gcc/arm-none-eabi/4.8.2/../../../arm-none-eabi/lib/armv7e-m/fpu/librdimon.a(rdimon-syscalls.o)
 .debug_abbrev  0x0000000000000d99       0x12 /tmp/ccDRrx2d.o
 .debug_abbrev  0x0000000000000dab      0x347 obj/main.o
 .debug_abbrev  0x00000000000010f2      0x101 obj/system_stm32f3xx.o
 .debug_abbrev  0x00000000000011f3      0x307 obj/stm32f3xx_hal_rcc.o
 .debug_abbrev  0x00000000000014fa      0x1e2 obj/stm32f3xx_hal.o
 .debug_abbrev  0x00000000000016dc      0x2c4 obj/stm32f3xx_hal_cortex.o
 .debug_abbrev  0x00000000000019a0      0x1c6 obj/stm32f3xx_hal_gpio.o
 .debug_abbrev  0x0000000000001b66      0x2a4 obj/stm32f3xx_hal_i2c.o
 .debug_abbrev  0x0000000000001e0a      0x18f /usr/lib/gcc/arm-none-eabi/4.8.2/../../../arm-none-eabi/lib/armv7e-m/fpu/libg.a(lib_a-errno.o)
 .debug_abbrev  0x0000000000001f99      0x351 /usr/lib/gcc/arm-none-eabi/4.8.2/../../../arm-none-eabi/lib/armv7e-m/fpu/libg.a(lib_a-findfp.o)
 .debug_abbrev  0x00000000000022ea      0x1d1 /usr/lib/gcc/arm-none-eabi/4.8.2/../../../arm-none-eabi/lib/armv7e-m/fpu/libg.a(lib_a-fwalk.o)
 .debug_abbrev  0x00000000000024bb      0x2a2 /usr/lib/gcc/arm-none-eabi/4.8.2/../../../arm-none-eabi/lib/armv7e-m/fpu/libg.a(lib_a-mallocr.o)
 .debug_abbrev  0x000000000000275d      0x19a /usr/lib/gcc/arm-none-eabi/4.8.2/../../../arm-none-eabi/lib/armv7e-m/fpu/libg.a(lib_a-mlock.o)
 .debug_abbrev  0x00000000000028f7      0x227 /usr/lib/gcc/arm-none-eabi/4.8.2/../../../arm-none-eabi/lib/armv7e-m/fpu/libg.a(lib_a-printf.o)
 .debug_abbrev  0x0000000000002b1e      0x235 /usr/lib/gcc/arm-none-eabi/4.8.2/../../../arm-none-eabi/lib/armv7e-m/fpu/libg.a(lib_a-puts.o)
 .debug_abbrev  0x0000000000002d53      0x1fd /usr/lib/gcc/arm-none-eabi/4.8.2/../../../arm-none-eabi/lib/armv7e-m/fpu/libg.a(lib_a-sbrkr.o)
 .debug_abbrev  0x0000000000002f50      0x1ba /usr/lib/gcc/arm-none-eabi/4.8.2/../../../arm-none-eabi/lib/armv7e-m/fpu/libg.a(lib_a-setbuf.o)
 .debug_abbrev  0x000000000000310a      0x242 /usr/lib/gcc/arm-none-eabi/4.8.2/../../../arm-none-eabi/lib/armv7e-m/fpu/libg.a(lib_a-setvbuf.o)
 .debug_abbrev  0x000000000000334c      0x246 /usr/lib/gcc/arm-none-eabi/4.8.2/../../../arm-none-eabi/lib/armv7e-m/fpu/libg.a(lib_a-stdio.o)
 .debug_abbrev  0x0000000000003592       0x70 /usr/lib/gcc/arm-none-eabi/4.8.2/../../../arm-none-eabi/lib/armv7e-m/fpu/libg.a(lib_a-strlen.o)
 .debug_abbrev  0x0000000000003602      0x3cd /usr/lib/gcc/arm-none-eabi/4.8.2/../../../arm-none-eabi/lib/armv7e-m/fpu/libg.a(lib_a-vfprintf.o)
 .debug_abbrev  0x00000000000039cf      0x1f4 /usr/lib/gcc/arm-none-eabi/4.8.2/../../../arm-none-eabi/lib/armv7e-m/fpu/libg.a(lib_a-writer.o)
 .debug_abbrev  0x0000000000003bc3      0x20b /usr/lib/gcc/arm-none-eabi/4.8.2/../../../arm-none-eabi/lib/armv7e-m/fpu/libg.a(lib_a-wsetup.o)
 .debug_abbrev  0x0000000000003dce      0x1ef /usr/lib/gcc/arm-none-eabi/4.8.2/../../../arm-none-eabi/lib/armv7e-m/fpu/libg.a(lib_a-closer.o)
 .debug_abbrev  0x0000000000003fbd      0x2bc /usr/lib/gcc/arm-none-eabi/4.8.2/../../../arm-none-eabi/lib/armv7e-m/fpu/libg.a(lib_a-dtoa.o)
 .debug_abbrev  0x0000000000004279      0x273 /usr/lib/gcc/arm-none-eabi/4.8.2/../../../arm-none-eabi/lib/armv7e-m/fpu/libg.a(lib_a-fclose.o)
 .debug_abbrev  0x00000000000044ec      0x28e /usr/lib/gcc/arm-none-eabi/4.8.2/../../../arm-none-eabi/lib/armv7e-m/fpu/libg.a(lib_a-fflush.o)
 .debug_abbrev  0x000000000000477a      0x27b /usr/lib/gcc/arm-none-eabi/4.8.2/../../../arm-none-eabi/lib/armv7e-m/fpu/libg.a(lib_a-freer.o)
 .debug_abbrev  0x00000000000049f5      0x24a /usr/lib/gcc/arm-none-eabi/4.8.2/../../../arm-none-eabi/lib/armv7e-m/fpu/libg.a(lib_a-fvwrite.o)
 .debug_abbrev  0x0000000000004c3f      0x2a3 /usr/lib/gcc/arm-none-eabi/4.8.2/../../../arm-none-eabi/lib/armv7e-m/fpu/libg.a(lib_a-locale.o)
 .debug_abbrev  0x0000000000004ee2      0x1fe /usr/lib/gcc/arm-none-eabi/4.8.2/../../../arm-none-eabi/lib/armv7e-m/fpu/libg.a(lib_a-lseekr.o)
 .debug_abbrev  0x00000000000050e0      0x206 /usr/lib/gcc/arm-none-eabi/4.8.2/../../../arm-none-eabi/lib/armv7e-m/fpu/libg.a(lib_a-makebuf.o)
 .debug_abbrev  0x00000000000052e6      0x1fa /usr/lib/gcc/arm-none-eabi/4.8.2/../../../arm-none-eabi/lib/armv7e-m/fpu/libg.a(lib_a-malloc.o)
 .debug_abbrev  0x00000000000054e0       0xba /usr/lib/gcc/arm-none-eabi/4.8.2/../../../arm-none-eabi/lib/armv7e-m/fpu/libg.a(lib_a-memchr-stub.o)
 .debug_abbrev  0x000000000000559a       0x14 /usr/lib/gcc/arm-none-eabi/4.8.2/../../../arm-none-eabi/lib/armv7e-m/fpu/libg.a(lib_a-memcpy.o)
 .debug_abbrev  0x00000000000055ae       0xab /usr/lib/gcc/arm-none-eabi/4.8.2/../../../arm-none-eabi/lib/armv7e-m/fpu/libg.a(lib_a-memmove.o)
 .debug_abbrev  0x0000000000005659      0x39d /usr/lib/gcc/arm-none-eabi/4.8.2/../../../arm-none-eabi/lib/armv7e-m/fpu/libg.a(lib_a-mprec.o)
 .debug_abbrev  0x00000000000059f6      0x1ef /usr/lib/gcc/arm-none-eabi/4.8.2/../../../arm-none-eabi/lib/armv7e-m/fpu/libg.a(lib_a-readr.o)
 .debug_abbrev  0x0000000000005be5      0x26b /usr/lib/gcc/arm-none-eabi/4.8.2/../../../arm-none-eabi/lib/armv7e-m/fpu/libg.a(lib_a-reallocr.o)
 .debug_abbrev  0x0000000000005e50      0x258 /usr/lib/gcc/arm-none-eabi/4.8.2/../../../arm-none-eabi/lib/armv7e-m/fpu/libg.a(lib_a-reent.o)
 .debug_abbrev  0x00000000000060a8       0xca /usr/lib/gcc/arm-none-eabi/4.8.2/../../../arm-none-eabi/lib/armv7e-m/fpu/libg.a(lib_a-s_fpclassify.o)
 .debug_abbrev  0x0000000000006172      0x3cb /usr/lib/gcc/arm-none-eabi/4.8.2/../../../arm-none-eabi/lib/armv7e-m/fpu/libg.a(lib_a-vfiprintf.o)
 .debug_abbrev  0x000000000000653d      0x213 /usr/lib/gcc/arm-none-eabi/4.8.2/../../../arm-none-eabi/lib/armv7e-m/fpu/libg.a(lib_a-callocr.o)
 .debug_abbrev  0x0000000000006750      0x2ac /usr/lib/gcc/arm-none-eabi/4.8.2/../../../arm-none-eabi/lib/armv7e-m/fpu/libg.a(lib_a-fputwc.o)
 .debug_abbrev  0x00000000000069fc      0x1fe /usr/lib/gcc/arm-none-eabi/4.8.2/../../../arm-none-eabi/lib/armv7e-m/fpu/libg.a(lib_a-fstatr.o)
 .debug_abbrev  0x0000000000006bfa      0x1ef /usr/lib/gcc/arm-none-eabi/4.8.2/../../../arm-none-eabi/lib/armv7e-m/fpu/libg.a(lib_a-isattyr.o)
 .debug_abbrev  0x0000000000006de9      0x25b /usr/lib/gcc/arm-none-eabi/4.8.2/../../../arm-none-eabi/lib/armv7e-m/fpu/libg.a(lib_a-wbuf.o)
 .debug_abbrev  0x0000000000007044      0x222 /usr/lib/gcc/arm-none-eabi/4.8.2/../../../arm-none-eabi/lib/armv7e-m/fpu/libg.a(lib_a-wcrtomb.o)
 .debug_abbrev  0x0000000000007266      0x212 /usr/lib/gcc/arm-none-eabi/4.8.2/../../../arm-none-eabi/lib/armv7e-m/fpu/libg.a(lib_a-wctomb_r.o)
 .debug_abbrev  0x0000000000007478       0x14 /usr/lib/gcc/arm-none-eabi/4.8.2/armv7e-m/fpu/libgcc.a(_arm_addsubdf3.o)
 .debug_abbrev  0x000000000000748c       0x14 /usr/lib/gcc/arm-none-eabi/4.8.2/armv7e-m/fpu/libgcc.a(_arm_muldivdf3.o)
 .debug_abbrev  0x00000000000074a0       0x14 /usr/lib/gcc/arm-none-eabi/4.8.2/armv7e-m/fpu/libgcc.a(_arm_cmpdf2.o)
 .debug_abbrev  0x00000000000074b4       0x14 /usr/lib/gcc/arm-none-eabi/4.8.2/armv7e-m/fpu/libgcc.a(_arm_fixdfsi.o)
 .debug_abbrev  0x00000000000074c8       0x14 /usr/lib/gcc/arm-none-eabi/4.8.2/armv7e-m/fpu/libgcc.a(_aeabi_uldivmod.o)
 .debug_abbrev  0x00000000000074dc       0xb7 /usr/lib/gcc/arm-none-eabi/4.8.2/armv7e-m/fpu/libgcc.a(bpabi.o)
 .debug_abbrev  0x0000000000007593       0x14 /usr/lib/gcc/arm-none-eabi/4.8.2/armv7e-m/fpu/libgcc.a(_dvmd_tls.o)
 .debug_abbrev  0x00000000000075a7      0x165 /usr/lib/gcc/arm-none-eabi/4.8.2/armv7e-m/fpu/libgcc.a(_divdi3.o)
 .debug_abbrev  0x000000000000770c      0x154 /usr/lib/gcc/arm-none-eabi/4.8.2/armv7e-m/fpu/libgcc.a(_udivdi3.o)

.debug_loc      0x0000000000000000    0x13941
 .debug_loc     0x0000000000000000       0x2c /usr/lib/gcc/arm-none-eabi/4.8.2/../../../arm-none-eabi/lib/armv7e-m/fpu/libc.a(lib_a-atexit.o)
 .debug_loc     0x000000000000002c       0x5c /usr/lib/gcc/arm-none-eabi/4.8.2/../../../arm-none-eabi/lib/armv7e-m/fpu/libc.a(lib_a-fini.o)
 .debug_loc     0x0000000000000088       0xae /usr/lib/gcc/arm-none-eabi/4.8.2/../../../arm-none-eabi/lib/armv7e-m/fpu/libc.a(lib_a-init.o)
 .debug_loc     0x0000000000000136      0x18b /usr/lib/gcc/arm-none-eabi/4.8.2/../../../arm-none-eabi/lib/armv7e-m/fpu/libc.a(lib_a-memset.o)
 .debug_loc     0x00000000000002c1      0x14d /usr/lib/gcc/arm-none-eabi/4.8.2/../../../arm-none-eabi/lib/armv7e-m/fpu/libc.a(lib_a-__atexit.o)
 .debug_loc     0x000000000000040e      0x155 /usr/lib/gcc/arm-none-eabi/4.8.2/../../../arm-none-eabi/lib/armv7e-m/fpu/libc.a(lib_a-__call_atexit.o)
 .debug_loc     0x0000000000000563      0xe4e /usr/lib/gcc/arm-none-eabi/4.8.2/../../../arm-none-eabi/lib/armv7e-m/fpu/librdimon.a(rdimon-syscalls.o)
 .debug_loc     0x00000000000013b1       0x5e obj/main.o
 .debug_loc     0x000000000000140f       0xd0 obj/system_stm32f3xx.o
 .debug_loc     0x00000000000014df      0xc8b obj/stm32f3xx_hal_rcc.o
 .debug_loc     0x000000000000216a       0x49 obj/stm32f3xx_hal.o
 .debug_loc     0x00000000000021b3      0x41c obj/stm32f3xx_hal_cortex.o
 .debug_loc     0x00000000000025cf      0x2f9 obj/stm32f3xx_hal_gpio.o
 .debug_loc     0x00000000000028c8     0x2285 obj/stm32f3xx_hal_i2c.o
 .debug_loc     0x0000000000004b4d      0x2a7 /usr/lib/gcc/arm-none-eabi/4.8.2/../../../arm-none-eabi/lib/armv7e-m/fpu/libg.a(lib_a-findfp.o)
 .debug_loc     0x0000000000004df4      0x1e3 /usr/lib/gcc/arm-none-eabi/4.8.2/../../../arm-none-eabi/lib/armv7e-m/fpu/libg.a(lib_a-fwalk.o)
 .debug_loc     0x0000000000004fd7      0xd9d /usr/lib/gcc/arm-none-eabi/4.8.2/../../../arm-none-eabi/lib/armv7e-m/fpu/libg.a(lib_a-mallocr.o)
 .debug_loc     0x0000000000005d74       0x34 /usr/lib/gcc/arm-none-eabi/4.8.2/../../../arm-none-eabi/lib/armv7e-m/fpu/libg.a(lib_a-printf.o)
 .debug_loc     0x0000000000005da8       0xde /usr/lib/gcc/arm-none-eabi/4.8.2/../../../arm-none-eabi/lib/armv7e-m/fpu/libg.a(lib_a-puts.o)
 .debug_loc     0x0000000000005e86       0x3f /usr/lib/gcc/arm-none-eabi/4.8.2/../../../arm-none-eabi/lib/armv7e-m/fpu/libg.a(lib_a-sbrkr.o)
 .debug_loc     0x0000000000005ec5       0x42 /usr/lib/gcc/arm-none-eabi/4.8.2/../../../arm-none-eabi/lib/armv7e-m/fpu/libg.a(lib_a-setbuf.o)
 .debug_loc     0x0000000000005f07      0x15a /usr/lib/gcc/arm-none-eabi/4.8.2/../../../arm-none-eabi/lib/armv7e-m/fpu/libg.a(lib_a-setvbuf.o)
 .debug_loc     0x0000000000006061      0x29e /usr/lib/gcc/arm-none-eabi/4.8.2/../../../arm-none-eabi/lib/armv7e-m/fpu/libg.a(lib_a-stdio.o)
 .debug_loc     0x00000000000062ff       0x21 /usr/lib/gcc/arm-none-eabi/4.8.2/../../../arm-none-eabi/lib/armv7e-m/fpu/libg.a(lib_a-strlen.o)
 .debug_loc     0x0000000000006320     0x2804 /usr/lib/gcc/arm-none-eabi/4.8.2/../../../arm-none-eabi/lib/armv7e-m/fpu/libg.a(lib_a-vfprintf.o)
 .debug_loc     0x0000000000008b24       0x97 /usr/lib/gcc/arm-none-eabi/4.8.2/../../../arm-none-eabi/lib/armv7e-m/fpu/libg.a(lib_a-writer.o)
 .debug_loc     0x0000000000008bbb       0x70 /usr/lib/gcc/arm-none-eabi/4.8.2/../../../arm-none-eabi/lib/armv7e-m/fpu/libg.a(lib_a-wsetup.o)
 .debug_loc     0x0000000000008c2b       0x3f /usr/lib/gcc/arm-none-eabi/4.8.2/../../../arm-none-eabi/lib/armv7e-m/fpu/libg.a(lib_a-closer.o)
 .debug_loc     0x0000000000008c6a     0x28bd /usr/lib/gcc/arm-none-eabi/4.8.2/../../../arm-none-eabi/lib/armv7e-m/fpu/libg.a(lib_a-dtoa.o)
 .debug_loc     0x000000000000b527       0xfc /usr/lib/gcc/arm-none-eabi/4.8.2/../../../arm-none-eabi/lib/armv7e-m/fpu/libg.a(lib_a-fclose.o)
 .debug_loc     0x000000000000b623      0x250 /usr/lib/gcc/arm-none-eabi/4.8.2/../../../arm-none-eabi/lib/armv7e-m/fpu/libg.a(lib_a-fflush.o)
 .debug_loc     0x000000000000b873      0x48a /usr/lib/gcc/arm-none-eabi/4.8.2/../../../arm-none-eabi/lib/armv7e-m/fpu/libg.a(lib_a-freer.o)
 .debug_loc     0x000000000000bcfd      0x54b /usr/lib/gcc/arm-none-eabi/4.8.2/../../../arm-none-eabi/lib/armv7e-m/fpu/libg.a(lib_a-fvwrite.o)
 .debug_loc     0x000000000000c248       0xd9 /usr/lib/gcc/arm-none-eabi/4.8.2/../../../arm-none-eabi/lib/armv7e-m/fpu/libg.a(lib_a-locale.o)
 .debug_loc     0x000000000000c321       0x97 /usr/lib/gcc/arm-none-eabi/4.8.2/../../../arm-none-eabi/lib/armv7e-m/fpu/libg.a(lib_a-lseekr.o)
 .debug_loc     0x000000000000c3b8      0x10c /usr/lib/gcc/arm-none-eabi/4.8.2/../../../arm-none-eabi/lib/armv7e-m/fpu/libg.a(lib_a-makebuf.o)
 .debug_loc     0x000000000000c4c4       0x58 /usr/lib/gcc/arm-none-eabi/4.8.2/../../../arm-none-eabi/lib/armv7e-m/fpu/libg.a(lib_a-malloc.o)
 .debug_loc     0x000000000000c51c      0x17b /usr/lib/gcc/arm-none-eabi/4.8.2/../../../arm-none-eabi/lib/armv7e-m/fpu/libg.a(lib_a-memchr-stub.o)
 .debug_loc     0x000000000000c697      0x2d5 /usr/lib/gcc/arm-none-eabi/4.8.2/../../../arm-none-eabi/lib/armv7e-m/fpu/libg.a(lib_a-memmove.o)
 .debug_loc     0x000000000000c96c     0x256e /usr/lib/gcc/arm-none-eabi/4.8.2/../../../arm-none-eabi/lib/armv7e-m/fpu/libg.a(lib_a-mprec.o)
 .debug_loc     0x000000000000eeda       0x97 /usr/lib/gcc/arm-none-eabi/4.8.2/../../../arm-none-eabi/lib/armv7e-m/fpu/libg.a(lib_a-readr.o)
 .debug_loc     0x000000000000ef71      0xef8 /usr/lib/gcc/arm-none-eabi/4.8.2/../../../arm-none-eabi/lib/armv7e-m/fpu/libg.a(lib_a-reallocr.o)
 .debug_loc     0x000000000000fe69      0x13b /usr/lib/gcc/arm-none-eabi/4.8.2/../../../arm-none-eabi/lib/armv7e-m/fpu/libg.a(lib_a-reent.o)
 .debug_loc     0x000000000000ffa4       0x3e /usr/lib/gcc/arm-none-eabi/4.8.2/../../../arm-none-eabi/lib/armv7e-m/fpu/libg.a(lib_a-s_fpclassify.o)
 .debug_loc     0x000000000000ffe2     0x1b59 /usr/lib/gcc/arm-none-eabi/4.8.2/../../../arm-none-eabi/lib/armv7e-m/fpu/libg.a(lib_a-vfiprintf.o)
 .debug_loc     0x0000000000011b3b      0x1f4 /usr/lib/gcc/arm-none-eabi/4.8.2/../../../arm-none-eabi/lib/armv7e-m/fpu/libg.a(lib_a-callocr.o)
 .debug_loc     0x0000000000011d2f      0x159 /usr/lib/gcc/arm-none-eabi/4.8.2/../../../arm-none-eabi/lib/armv7e-m/fpu/libg.a(lib_a-fputwc.o)
 .debug_loc     0x0000000000011e88       0x6b /usr/lib/gcc/arm-none-eabi/4.8.2/../../../arm-none-eabi/lib/armv7e-m/fpu/libg.a(lib_a-fstatr.o)
 .debug_loc     0x0000000000011ef3       0x3f /usr/lib/gcc/arm-none-eabi/4.8.2/../../../arm-none-eabi/lib/armv7e-m/fpu/libg.a(lib_a-isattyr.o)
 .debug_loc     0x0000000000011f32      0x112 /usr/lib/gcc/arm-none-eabi/4.8.2/../../../arm-none-eabi/lib/armv7e-m/fpu/libg.a(lib_a-wbuf.o)
 .debug_loc     0x0000000000012044      0x1e9 /usr/lib/gcc/arm-none-eabi/4.8.2/../../../arm-none-eabi/lib/armv7e-m/fpu/libg.a(lib_a-wcrtomb.o)
 .debug_loc     0x000000000001222d       0xde /usr/lib/gcc/arm-none-eabi/4.8.2/../../../arm-none-eabi/lib/armv7e-m/fpu/libg.a(lib_a-wctomb_r.o)
 .debug_loc     0x000000000001230b       0xa0 /usr/lib/gcc/arm-none-eabi/4.8.2/armv7e-m/fpu/libgcc.a(bpabi.o)
 .debug_loc     0x00000000000123ab      0xa8e /usr/lib/gcc/arm-none-eabi/4.8.2/armv7e-m/fpu/libgcc.a(_divdi3.o)
 .debug_loc     0x0000000000012e39      0xb08 /usr/lib/gcc/arm-none-eabi/4.8.2/armv7e-m/fpu/libgcc.a(_udivdi3.o)

.debug_aranges  0x0000000000000000      0xe38
 .debug_aranges
                0x0000000000000000       0x20 /usr/lib/gcc/arm-none-eabi/4.8.2/../../../arm-none-eabi/lib/armv7e-m/fpu/libc.a(lib_a-atexit.o)
 .debug_aranges
                0x0000000000000020       0x20 /usr/lib/gcc/arm-none-eabi/4.8.2/../../../arm-none-eabi/lib/armv7e-m/fpu/libc.a(lib_a-fini.o)
 .debug_aranges
                0x0000000000000040       0x18 /usr/lib/gcc/arm-none-eabi/4.8.2/../../../arm-none-eabi/lib/armv7e-m/fpu/libc.a(lib_a-impure.o)
 .debug_aranges
                0x0000000000000058       0x20 /usr/lib/gcc/arm-none-eabi/4.8.2/../../../arm-none-eabi/lib/armv7e-m/fpu/libc.a(lib_a-init.o)
 .debug_aranges
                0x0000000000000078       0x20 /usr/lib/gcc/arm-none-eabi/4.8.2/../../../arm-none-eabi/lib/armv7e-m/fpu/libc.a(lib_a-memset.o)
 .debug_aranges
                0x0000000000000098       0x20 /usr/lib/gcc/arm-none-eabi/4.8.2/../../../arm-none-eabi/lib/armv7e-m/fpu/libc.a(lib_a-__atexit.o)
 .debug_aranges
                0x00000000000000b8       0x28 /usr/lib/gcc/arm-none-eabi/4.8.2/../../../arm-none-eabi/lib/armv7e-m/fpu/libc.a(lib_a-__call_atexit.o)
 .debug_aranges
                0x00000000000000e0       0xe8 /usr/lib/gcc/arm-none-eabi/4.8.2/../../../arm-none-eabi/lib/armv7e-m/fpu/librdimon.a(rdimon-syscalls.o)
 .debug_aranges
                0x00000000000001c8       0x28 /tmp/ccDRrx2d.o
 .debug_aranges
                0x00000000000001f0       0x28 obj/main.o
 .debug_aranges
                0x0000000000000218       0x28 obj/system_stm32f3xx.o
 .debug_aranges
                0x0000000000000240       0x88 obj/stm32f3xx_hal_rcc.o
 .debug_aranges
                0x00000000000002c8       0xb0 obj/stm32f3xx_hal.o
 .debug_aranges
                0x0000000000000378       0x98 obj/stm32f3xx_hal_cortex.o
 .debug_aranges
                0x0000000000000410       0x58 obj/stm32f3xx_hal_gpio.o
 .debug_aranges
                0x0000000000000468      0x1a0 obj/stm32f3xx_hal_i2c.o
 .debug_aranges
                0x0000000000000608       0x20 /usr/lib/gcc/arm-none-eabi/4.8.2/../../../arm-none-eabi/lib/armv7e-m/fpu/libg.a(lib_a-errno.o)
 .debug_aranges
                0x0000000000000628       0x80 /usr/lib/gcc/arm-none-eabi/4.8.2/../../../arm-none-eabi/lib/armv7e-m/fpu/libg.a(lib_a-findfp.o)
 .debug_aranges
                0x00000000000006a8       0x28 /usr/lib/gcc/arm-none-eabi/4.8.2/../../../arm-none-eabi/lib/armv7e-m/fpu/libg.a(lib_a-fwalk.o)
 .debug_aranges
                0x00000000000006d0       0x20 /usr/lib/gcc/arm-none-eabi/4.8.2/../../../arm-none-eabi/lib/armv7e-m/fpu/libg.a(lib_a-mallocr.o)
 .debug_aranges
                0x00000000000006f0       0x28 /usr/lib/gcc/arm-none-eabi/4.8.2/../../../arm-none-eabi/lib/armv7e-m/fpu/libg.a(lib_a-mlock.o)
 .debug_aranges
                0x0000000000000718       0x28 /usr/lib/gcc/arm-none-eabi/4.8.2/../../../arm-none-eabi/lib/armv7e-m/fpu/libg.a(lib_a-printf.o)
 .debug_aranges
                0x0000000000000740       0x28 /usr/lib/gcc/arm-none-eabi/4.8.2/../../../arm-none-eabi/lib/armv7e-m/fpu/libg.a(lib_a-puts.o)
 .debug_aranges
                0x0000000000000768       0x20 /usr/lib/gcc/arm-none-eabi/4.8.2/../../../arm-none-eabi/lib/armv7e-m/fpu/libg.a(lib_a-sbrkr.o)
 .debug_aranges
                0x0000000000000788       0x20 /usr/lib/gcc/arm-none-eabi/4.8.2/../../../arm-none-eabi/lib/armv7e-m/fpu/libg.a(lib_a-setbuf.o)
 .debug_aranges
                0x00000000000007a8       0x20 /usr/lib/gcc/arm-none-eabi/4.8.2/../../../arm-none-eabi/lib/armv7e-m/fpu/libg.a(lib_a-setvbuf.o)
 .debug_aranges
                0x00000000000007c8       0x40 /usr/lib/gcc/arm-none-eabi/4.8.2/../../../arm-none-eabi/lib/armv7e-m/fpu/libg.a(lib_a-stdio.o)
 .debug_aranges
                0x0000000000000808       0x20 /usr/lib/gcc/arm-none-eabi/4.8.2/../../../arm-none-eabi/lib/armv7e-m/fpu/libg.a(lib_a-strlen.o)
 .debug_aranges
                0x0000000000000828       0x30 /usr/lib/gcc/arm-none-eabi/4.8.2/../../../arm-none-eabi/lib/armv7e-m/fpu/libg.a(lib_a-vfprintf.o)
 .debug_aranges
                0x0000000000000858       0x20 /usr/lib/gcc/arm-none-eabi/4.8.2/../../../arm-none-eabi/lib/armv7e-m/fpu/libg.a(lib_a-writer.o)
 .debug_aranges
                0x0000000000000878       0x20 /usr/lib/gcc/arm-none-eabi/4.8.2/../../../arm-none-eabi/lib/armv7e-m/fpu/libg.a(lib_a-wsetup.o)
 .debug_aranges
                0x0000000000000898       0x20 /usr/lib/gcc/arm-none-eabi/4.8.2/../../../arm-none-eabi/lib/armv7e-m/fpu/libg.a(lib_a-closer.o)
 .debug_aranges
                0x00000000000008b8       0x28 /usr/lib/gcc/arm-none-eabi/4.8.2/../../../arm-none-eabi/lib/armv7e-m/fpu/libg.a(lib_a-dtoa.o)
 .debug_aranges
                0x00000000000008e0       0x28 /usr/lib/gcc/arm-none-eabi/4.8.2/../../../arm-none-eabi/lib/armv7e-m/fpu/libg.a(lib_a-fclose.o)
 .debug_aranges
                0x0000000000000908       0x30 /usr/lib/gcc/arm-none-eabi/4.8.2/../../../arm-none-eabi/lib/armv7e-m/fpu/libg.a(lib_a-fflush.o)
 .debug_aranges
                0x0000000000000938       0x28 /usr/lib/gcc/arm-none-eabi/4.8.2/../../../arm-none-eabi/lib/armv7e-m/fpu/libg.a(lib_a-freer.o)
 .debug_aranges
                0x0000000000000960       0x20 /usr/lib/gcc/arm-none-eabi/4.8.2/../../../arm-none-eabi/lib/armv7e-m/fpu/libg.a(lib_a-fvwrite.o)
 .debug_aranges
                0x0000000000000980       0x58 /usr/lib/gcc/arm-none-eabi/4.8.2/../../../arm-none-eabi/lib/armv7e-m/fpu/libg.a(lib_a-locale.o)
 .debug_aranges
                0x00000000000009d8       0x20 /usr/lib/gcc/arm-none-eabi/4.8.2/../../../arm-none-eabi/lib/armv7e-m/fpu/libg.a(lib_a-lseekr.o)
 .debug_aranges
                0x00000000000009f8       0x20 /usr/lib/gcc/arm-none-eabi/4.8.2/../../../arm-none-eabi/lib/armv7e-m/fpu/libg.a(lib_a-makebuf.o)
 .debug_aranges
                0x0000000000000a18       0x28 /usr/lib/gcc/arm-none-eabi/4.8.2/../../../arm-none-eabi/lib/armv7e-m/fpu/libg.a(lib_a-malloc.o)
 .debug_aranges